
HKNB6	Fri Mar 31 14:05:25 2017
	Database: C:\DB\DB.FDB
	Allocated 98506 page buffers of 125000 requested


HKNB6	Fri Mar 31 14:27:51 2017
	INET/inet_error: read errno = 10054


HKNB6	Fri Mar 31 14:34:40 2017
	INET/inet_error: read errno = 10054


HKNB6	Fri Mar 31 14:34:40 2017
	REMOTE INTERFACE/gds__detach: Unsuccesful detach from database. 
	Uncommitted work may have been lost


HKNB6	Sun May 07 10:55:47 2017
	INET/inet_error: read errno = 10054


HKNB6	Sun May 07 11:38:28 2017
	REMOTE INTERFACE/gds__detach: Unsuccesful detach from database. 
	Uncommitted work may have been lost


HKNB6	Mon May 08 10:22:05 2017
	INET/inet_error: connect errno = 10061


HKNB6	Mon May 08 10:22:08 2017
	INET/inet_error: connect errno = 10061


HKNB6	Mon May 08 10:22:09 2017
	INET/inet_error: connect errno = 10061


HKNB6	Mon May 08 10:22:12 2017
	INET/inet_error: connect errno = 10061


HKNB6	Mon May 08 10:22:14 2017
	INET/inet_error: connect errno = 10061


HKNB6	Mon May 08 10:22:17 2017
	INET/inet_error: connect errno = 10061


HKNB6	Mon May 08 10:22:22 2017
	INET/inet_error: connect errno = 10061


HKNB6	Mon May 08 10:22:25 2017
	INET/inet_error: connect errno = 10061


HKNB6	Mon May 08 10:22:34 2017
	INET/inet_error: connect errno = 10061


HKNB6	Mon May 08 10:22:37 2017
	INET/inet_error: connect errno = 10061


HKNB6	Mon May 08 10:22:38 2017
	INET/inet_error: connect errno = 10061


HKNB6	Mon May 08 10:22:41 2017
	INET/inet_error: connect errno = 10061


HKNB6	Mon May 08 10:22:43 2017
	INET/inet_error: connect errno = 10061


HKNB6	Mon May 08 10:22:46 2017
	INET/inet_error: connect errno = 10061


HKNB6	Mon May 08 10:22:50 2017
	INET/inet_error: connect errno = 10061


HKNB6	Mon May 08 10:22:53 2017
	INET/inet_error: connect errno = 10061


HKNB6	Mon May 08 10:23:01 2017
	INET/inet_error: connect errno = 10061


HKNB6	Mon May 08 10:23:04 2017
	INET/inet_error: connect errno = 10061


HKNB6	Mon May 08 10:23:05 2017
	INET/inet_error: connect errno = 10061


HKNB6	Mon May 08 10:23:08 2017
	INET/inet_error: connect errno = 10061


HKNB6	Mon May 08 10:23:10 2017
	INET/inet_error: connect errno = 10061


HKNB6	Mon May 08 10:23:13 2017
	INET/inet_error: connect errno = 10061


HKNB6	Mon May 08 10:23:16 2017
	INET/inet_error: connect errno = 10061


HKNB6	Mon May 08 10:23:19 2017
	INET/inet_error: connect errno = 10061


HKNB6	Sun May 14 21:37:50 2017
	No free space found in temporary directories
	operating system directive WriteFile failed
	Es steht nicht genug Speicherplatz auf dem Datenträger zur Verfügung. 


HKNB6	Sun May 14 21:38:48 2017
	No free space found in temporary directories
	operating system directive WriteFile failed
	Es steht nicht genug Speicherplatz auf dem Datenträger zur Verfügung. 


HKNB6	Sun May 14 21:40:56 2017
	No free space found in temporary directories
	operating system directive WriteFile failed
	Es steht nicht genug Speicherplatz auf dem Datenträger zur Verfügung. 


HKNB6	Sun May 14 21:46:05 2017
	Shutting down the server with 1 active connection(s) to 1 database(s), 0 active service(s)


HKNB6	Sun May 14 21:47:18 2017
	No free space found in temporary directories
	operating system directive WriteFile failed
	Es steht nicht genug Speicherplatz auf dem Datenträger zur Verfügung. 

