
 Start         Length     Name                   Class
 0001:00000000 00049B84H .text                   CODE
 0002:00000000 00000E84H .data                   DATA
 0002:00000E84 0000087DH .bss                    BSS


Detailed map of segments

 0001:00000000 00004E40 C=CODE     S=.text    G=(none)   M=System   ACBP=A9
 0001:00004E40 00000174 C=CODE     S=.text    G=(none)   M=SysInit  ACBP=A9
 0001:00004FB4 00000AAC C=CODE     S=.text    G=(none)   M=Windows  ACBP=A9
 0001:00005A60 00000038 C=CODE     S=.text    G=(none)   M=Messages ACBP=A9
 0001:00005A98 000002C8 C=CODE     S=.text    G=(none)   M=SysConst ACBP=A9
 0001:00005D60 000041C4 C=CODE     S=.text    G=(none)   M=SysUtils ACBP=A9
 0001:00009F24 00000040 C=CODE     S=.text    G=(none)   M=ActiveX  ACBP=A9
 0001:00009F64 00000350 C=CODE     S=.text    G=(none)   M=Consts   ACBP=A9
 0001:0000A2B4 00000540 C=CODE     S=.text    G=(none)   M=TypInfo  ACBP=A9
 0001:0000A7F4 00007653 C=CODE     S=.text    G=(none)   M=Classes  ACBP=A9
 0001:00011E48 00008913 C=CODE     S=.text    G=(none)   M=Graphics ACBP=A9
 0001:0001A75C 000001C4 C=CODE     S=.text    G=(none)   M=Contnrs  ACBP=A9
 0001:0001A920 00000190 C=CODE     S=.text    G=(none)   M=Commctrl ACBP=A9
 0001:0001AAB0 00000793 C=CODE     S=.text    G=(none)   M=MultiMon ACBP=A9
 0001:0001B244 00000038 C=CODE     S=.text    G=(none)   M=Imm      ACBP=A9
 0001:0001B27C 00000040 C=CODE     S=.text    G=(none)   M=Math     ACBP=A9
 0001:0001B2BC 00000038 C=CODE     S=.text    G=(none)   M=WinSpool ACBP=A9
 0001:0001B2F4 00000044 C=CODE     S=.text    G=(none)   M=Printers ACBP=A9
 0001:0001B338 0000031F C=CODE     S=.text    G=(none)   M=FlatSB   ACBP=A9
 0001:0001B658 000040D0 C=CODE     S=.text    G=(none)   M=StdCtrls ACBP=A9
 0001:0001F728 00000094 C=CODE     S=.text    G=(none)   M=Clipbrd  ACBP=A9
 0001:0001F7BC 0000015C C=CODE     S=.text    G=(none)   M=StdActns ACBP=A9
 0001:0001F918 0000F2D8 C=CODE     S=.text    G=(none)   M=Controls ACBP=A9
 0001:0002EBF0 00000E28 C=CODE     S=.text    G=(none)   M=ActnList ACBP=A9
 0001:0002FA18 00001490 C=CODE     S=.text    G=(none)   M=ImgList  ACBP=A9
 0001:00030EA8 000061FB C=CODE     S=.text    G=(none)   M=Menus    ACBP=A9
 0001:000370A4 0000C0B7 C=CODE     S=.text    G=(none)   M=Forms    ACBP=A9
 0001:0004315C 00000068 C=CODE     S=.text    G=(none)   M=IniFiles ACBP=A9
 0001:000431C4 00000068 C=CODE     S=.text    G=(none)   M=Registry ACBP=A9
 0001:0004322C 00000038 C=CODE     S=.text    G=(none)   M=ShellAPI ACBP=A9
 0001:00043264 00000038 C=CODE     S=.text    G=(none)   M=RegStr   ACBP=A9
 0001:0004329C 00000038 C=CODE     S=.text    G=(none)   M=WinInet  ACBP=A9
 0001:000432D4 00000038 C=CODE     S=.text    G=(none)   M=UrlMon   ACBP=A9
 0001:0004330C 00000038 C=CODE     S=.text    G=(none)   M=ShlObj   ACBP=A9
 0001:00043344 00000038 C=CODE     S=.text    G=(none)   M=CommDlg  ACBP=A9
 0001:0004337C 00001C44 C=CODE     S=.text    G=(none)   M=ExtCtrls ACBP=A9
 0001:00044FC0 00000038 C=CODE     S=.text    G=(none)   M=Dlgs     ACBP=A9
 0001:00044FF8 00000B29 C=CODE     S=.text    G=(none)   M=Dialogs  ACBP=A9
 0001:00045B24 00000038 C=CODE     S=.text    G=(none)   M=RichEdit ACBP=A9
 0001:00045B5C 00000038 C=CODE     S=.text    G=(none)   M=ToolWin  ACBP=A9
 0001:00045B94 00000078 C=CODE     S=.text    G=(none)   M=ComStrs  ACBP=A9
 0001:00045C0C 00003670 C=CODE     S=.text    G=(none)   M=ComCtrls ACBP=A9
 0001:0004927C 00000730 C=CODE     S=.text    G=(none)   M=uTestDLL ACBP=A9
 0001:000499AC 000001D5 C=CODE     S=.text    G=(none)   M=TestDLL  ACBP=A9
 0002:00000000 000000A2 C=DATA     S=.data    G=DGROUP   M=System   ACBP=A9
 0002:000000A4 00000018 C=DATA     S=.data    G=DGROUP   M=SysInit  ACBP=A9
 0002:000000BC 000001F0 C=DATA     S=.data    G=DGROUP   M=SysUtils ACBP=A9
 0002:000002AC 00000010 C=DATA     S=.data    G=DGROUP   M=TypInfo  ACBP=A9
 0002:000002BC 0000005C C=DATA     S=.data    G=DGROUP   M=Classes  ACBP=A9
 0002:00000318 000002B4 C=DATA     S=.data    G=DGROUP   M=Graphics ACBP=A9
 0002:000005CC 00000004 C=DATA     S=.data    G=DGROUP   M=Printers ACBP=A9
 0002:000005D0 00000080 C=DATA     S=.data    G=DGROUP   M=StdCtrls ACBP=A9
 0002:00000650 0000012C C=DATA     S=.data    G=DGROUP   M=Controls ACBP=A9
 0002:0000077C 00000020 C=DATA     S=.data    G=DGROUP   M=ImgList  ACBP=A9
 0002:0000079C 000000EC C=DATA     S=.data    G=DGROUP   M=Menus    ACBP=A9
 0002:00000888 0000013C C=DATA     S=.data    G=DGROUP   M=Forms    ACBP=A9
 0002:000009C4 00000008 C=DATA     S=.data    G=DGROUP   M=IniFiles ACBP=A9
 0002:000009CC 00000008 C=DATA     S=.data    G=DGROUP   M=Registry ACBP=A9
 0002:000009D4 00000014 C=DATA     S=.data    G=DGROUP   M=ExtCtrls ACBP=A9
 0002:000009E8 000000B0 C=DATA     S=.data    G=DGROUP   M=Dialogs  ACBP=A9
 0002:00000A98 00000064 C=DATA     S=.data    G=DGROUP   M=ComCtrls ACBP=A9
 0002:00001000 000004CC C=BSS      S=.bss     G=DGROUP   M=System   ACBP=A9
 0002:000014CC 00000018 C=BSS      S=.bss     G=DGROUP   M=SysInit  ACBP=A9
 0002:000014E4 00000004 C=BSS      S=.bss     G=DGROUP   M=Windows  ACBP=A9
 0002:000014E8 00000004 C=BSS      S=.bss     G=DGROUP   M=Messages ACBP=A9
 0002:000014EC 00000004 C=BSS      S=.bss     G=DGROUP   M=SysConst ACBP=A9
 0002:000014F0 00000118 C=BSS      S=.bss     G=DGROUP   M=SysUtils ACBP=A9
 0002:00001608 00000004 C=BSS      S=.bss     G=DGROUP   M=ActiveX  ACBP=A9
 0002:0000160C 00000004 C=BSS      S=.bss     G=DGROUP   M=Consts   ACBP=A9
 0002:00001610 00000004 C=BSS      S=.bss     G=DGROUP   M=TypInfo  ACBP=A9
 0002:00001614 00000038 C=BSS      S=.bss     G=DGROUP   M=Classes  ACBP=A9
 0002:0000164C 00000060 C=BSS      S=.bss     G=DGROUP   M=Graphics ACBP=A9
 0002:000016AC 00000004 C=BSS      S=.bss     G=DGROUP   M=Contnrs  ACBP=A9
 0002:000016B0 0000000C C=BSS      S=.bss     G=DGROUP   M=Commctrl ACBP=A9
 0002:000016BC 00000031 C=BSS      S=.bss     G=DGROUP   M=MultiMon ACBP=A9
 0002:000016F0 00000004 C=BSS      S=.bss     G=DGROUP   M=Imm      ACBP=A9
 0002:000016F4 00000004 C=BSS      S=.bss     G=DGROUP   M=Math     ACBP=A9
 0002:000016F8 00000004 C=BSS      S=.bss     G=DGROUP   M=WinSpool ACBP=A9
 0002:000016FC 00000004 C=BSS      S=.bss     G=DGROUP   M=Printers ACBP=A9
 0002:00001700 00000034 C=BSS      S=.bss     G=DGROUP   M=FlatSB   ACBP=A9
 0002:00001734 00000004 C=BSS      S=.bss     G=DGROUP   M=StdCtrls ACBP=A9
 0002:00001738 0000000C C=BSS      S=.bss     G=DGROUP   M=Clipbrd  ACBP=A9
 0002:00001744 00000004 C=BSS      S=.bss     G=DGROUP   M=StdActns ACBP=A9
 0002:00001748 00000070 C=BSS      S=.bss     G=DGROUP   M=Controls ACBP=A9
 0002:000017B8 00000004 C=BSS      S=.bss     G=DGROUP   M=ActnList ACBP=A9
 0002:000017BC 00000004 C=BSS      S=.bss     G=DGROUP   M=ImgList  ACBP=A9
 0002:000017C0 00000010 C=BSS      S=.bss     G=DGROUP   M=Menus    ACBP=A9
 0002:000017D0 00000024 C=BSS      S=.bss     G=DGROUP   M=Forms    ACBP=A9
 0002:000017F4 00000004 C=BSS      S=.bss     G=DGROUP   M=IniFiles ACBP=A9
 0002:000017F8 00000004 C=BSS      S=.bss     G=DGROUP   M=Registry ACBP=A9
 0002:000017FC 00000004 C=BSS      S=.bss     G=DGROUP   M=ShellAPI ACBP=A9
 0002:00001800 00000004 C=BSS      S=.bss     G=DGROUP   M=RegStr   ACBP=A9
 0002:00001804 00000004 C=BSS      S=.bss     G=DGROUP   M=WinInet  ACBP=A9
 0002:00001808 00000004 C=BSS      S=.bss     G=DGROUP   M=UrlMon   ACBP=A9
 0002:0000180C 00000004 C=BSS      S=.bss     G=DGROUP   M=ShlObj   ACBP=A9
 0002:00001810 00000004 C=BSS      S=.bss     G=DGROUP   M=CommDlg  ACBP=A9
 0002:00001814 00000004 C=BSS      S=.bss     G=DGROUP   M=ExtCtrls ACBP=A9
 0002:00001818 00000004 C=BSS      S=.bss     G=DGROUP   M=Dlgs     ACBP=A9
 0002:0000181C 00000038 C=BSS      S=.bss     G=DGROUP   M=Dialogs  ACBP=A9
 0002:00001854 00000004 C=BSS      S=.bss     G=DGROUP   M=RichEdit ACBP=A9
 0002:00001858 00000004 C=BSS      S=.bss     G=DGROUP   M=ToolWin  ACBP=A9
 0002:0000185C 00000004 C=BSS      S=.bss     G=DGROUP   M=ComStrs  ACBP=A9
 0002:00001860 0000000C C=BSS      S=.bss     G=DGROUP   M=ComCtrls ACBP=A9
 0002:0000186C 00000010 C=BSS      S=.bss     G=DGROUP   M=uTestDLL ACBP=A9


  Address         Publics by Name

 0002:00000060       .
 0001:000045BC       .
 0001:000042DC       .
 0001:0000949C       .
 0002:0000181C       .01
 0002:00001744       .02
 0002:00001800       .1
 0002:00001854       .1
 0002:000014EC       .1
 0002:000016F0       .1
 0002:00001818       .1
 0002:000014DC       .1
 0002:00001810       .1
 0002:000016DC       .1
 0002:0000185C       .1
 0002:0000160C       .1
 0002:00001804       .1
 0002:000017FC       .1
 0002:0000180C       .1
 0002:00001720       .1
 0002:000016B0       .1
 0002:00001808       .1
 0002:000014E8       .1
 0002:00001878       .2
 0002:0000173C       .2
 0002:000016F4       .2
 0002:00001750       .22
 0002:00001734       .22
 0002:000014E4       .3
 0002:00001428       .3
 0002:000016FC       .3
 0002:00001608       .3
 0002:000017BC       .3
 0002:000016F8       .3
 0002:000017F4       .4
 0002:00001858       .4
 0002:000015F8       .44
 0002:00001860       .45
 0002:00001610       .5
 0002:000017F8       .5
 0002:000017D8       .51
 0002:00001814       .61
 0002:000017B8       .7
 0002:00001650       .81
 0002:0000161C       .84
 0002:000016AC       .9
 0002:000017C8       .9
 0001:00001848       @AbstractError
 0001:00001FC8       @AfterConstruction
 0001:00004605       @Append
 0001:00001E00       @AsClass
 0001:000044DE       @Assign
 0001:00001918       @AStrCmp
 0001:00001FD0       @BeforeDestruction
 0001:00001E4C       @CallDynaInst
 0001:00001F70       @ClassCreate
 0001:00001FC0       @ClassDestroy
 0001:00004580       @Close
 0001:00003368       @CopyArray
 0001:0000324C       @CopyRecord
 0001:00003470       @Dispose
 0001:00002438       @DoneExcept
 0001:00003C0C       @DynArrayAsg
 0001:00003BD0       @DynArrayClear
 0001:00003A10       @DynArrayHigh
 0001:00003A08       @DynArrayLength
 0001:00003BC4       @DynArraySetLength
 0001:0000252C       @ExceptionHandler
 0001:00001988       @FillChar
 0001:00003240       @Finalize
 0001:00003158       @FinalizeArray
 0001:0000312C       @FinalizeRecord
 0001:00001E64       @FindDynaInst
 0001:00004559       @Flush
 0001:00001BAC       @FpuInit
 0001:00001AE8       @FpuMaskInit
 0001:000016FC       @FreeMem
 0001:000016E4       @GetMem
 0001:00004EB8       @GetTls
 0001:000028E0       @Halt
 0001:000027C0       @Halt0
 0001:000020DC       @HandleAnyException
 0001:00002390       @HandleFinally
 0001:00002208       @HandleOnException
 0001:00004F48       @InitExe
 0001:00003120       @Initialize
 0001:0000308C       @InitializeArray
 0001:00003060       @InitializeRecord
 0001:0000271C       @InitImports
 0001:00002700       @InitResStringImports
 0001:00004238       @IntfAddRef
 0001:00004204       @IntfClear
 0001:0000421C       @IntfCopy
 0001:00001DE8       @IsClass
 0001:00001AB8       @isNECWindows
 0001:00002D2C       @LStrAddRef
 0001:0000291C       @LStrArrayClr
 0001:0000294C       @LStrAsg
 0001:00002B80       @LStrCat
 0001:00002BC4       @LStrCat3
 0001:00002C38       @LStrCatN
 0001:000028F8       @LStrClr
 0001:00002C88       @LStrCmp
 0001:00002D80       @LStrCopy
 0001:00002DC0       @LStrDelete
 0001:00002B28       @LStrFromArray
 0001:00002AA0       @LStrFromChar
 0001:00002AB0       @LStrFromPChar
 0001:000029E0       @LStrFromPCharLen
 0001:00002AE0       @LStrFromPWChar
 0001:00002A10       @LStrFromPWCharLen
 0001:00002B1C       @LStrFromString
 0001:00002B40       @LStrFromWStr
 0001:00002E08       @LStrInsert
 0001:00002990       @LStrLAsg
 0001:00002B78       @LStrLen
 0001:00002E64       @LStrSetLength
 0001:00002D3C       @LStrToPChar
 0001:00002B54       @LStrToString
 0001:0000345C       @New
 0001:000029BC       @NewAnsiString
 0001:00003004       @NewWideString
 0001:00004784       @Pow10
 0001:00001894       @PStrCmp
 0001:00001864       @PStrNCpy
 0001:000023E4       @RaiseAgain
 0001:000023C8       @RaiseExcept
 0001:00001714       @ReallocMem
 0001:000045F7       @ResetText
 0001:000045FE       @RewritText
 0001:0000183C       @ROUND
 0001:000028EC       @RunError
 0001:000026D0       @StartExe
 0001:00002468       @TryFinallyExit
 0001:000019A8       @ValLong
 0001:000039E4       @VarAddRef
 0001:00003838       @VarCast
 0001:000035C4       @VarClear
 0001:000039DC       @VarClr
 0001:000036A4       @VarCopy
 0001:00003968       @VarFromLStr
 0001:000039A8       @VarFromWStr
 0001:0000392C       @VarToLStr
 0001:000046EB       @Write0Char
 0001:00004754       @Write0CString
 0001:000046B0       @Write0String
 0001:0000460C       @WriteBytes
 0001:0000473D       @WriteChar
 0001:00004758       @WriteCString
 0001:000046D7       @WriteLn
 0001:00004677       @WriteSpaces
 0001:000046BA       @WriteString
 0001:00002EF8       @WStrArrayClr
 0001:00002F1C       @WStrAsg
 0001:00002EE0       @WStrClr
 0001:00002FE8       @WStrFromLStr
 0001:00002F40       @WStrFromPCharLen
 0001:00002FC4       @WStrFromPWCharLen
 0001:00002FF8       @WStrLen
 0001:0000301C       @WStrSetLength
 0001:00001A8C       @_CLenToPasStr
 0001:00001A74       @_CToPasStr
 0001:00004534       @_Flush
 0001:000017B4       @_IOTest
 0001:00004A9E       @_lldiv
 0001:00004B16       @_lldivo
 0001:00004B91       @_llmod
 0001:00004C0B       @_llmodo
 0001:00004A58       @_llmul
 0001:00004A7B       @_llmulo
 0001:00004C8B       @_llshl
 0001:00004B48       @_lludiv
 0001:00004C3D       @_llumod
 0001:00004CC3       @_llushr
 0001:00003608       @_VarCopy
 0001:00021E24       AbsMin
 0001:000082CC       AbstractErrorHandler
 0002:00001018       AbstractErrorProc
 0002:00000100       AccessMode
 0001:000053A4       ActivateKeyboardLayout
 0002:00001778       ActiveDrag
 0001:00009F5C       ActiveX
 0001:0002FA10       ActnList
 0001:0000041C       AddBlockAfter
 0001:0000690C       AddExitProc
 0001:0000E744       AddFinished
 0001:000329B0       AddIn
 0001:00004050       AddModuleUnloadProc
 0001:00004040       AddModuleUnloadProc
 0001:0000E77C       AddNotFinished
 0001:000155CC       AdjustColor
 0001:00044B9C       AdjustColors
 0001:00006B30       AdjustLineBreaks
 0001:00039E70       Adjustment
 0001:000053AC       AdjustWindowRectEx
 0001:00049630       AfterExec
 0002:000005D8       Alignments
 0002:00000618       Alignments
 0002:000009DC       Alignments
 0002:00000870       Alignments
 0002:00000860       Alignments
 0002:00000AC8       AlignStyles
 0001:000407A0       AlignWork
 0001:00026D58       AlignWork
 0001:0003989C       AllocateHWnd
 0001:000068C0       AllocMem
 0002:00001420       AllocMemCount
 0002:00001424       AllocMemSize
 0001:0001A554       AllocPatternBitmap
 0002:00000658       AnchorAlign
 0001:00006A4C       AnsiCompareText
 0001:00006E2C       AnsiLastChar
 0001:000053B4       AnsiLower
 0001:00006A18       AnsiLowerCase
 0001:000088E0       AnsiLowerCaseFileName
 0001:000088A8       AnsiPos
 0001:00036ED8       AnsiSameCaption
 0001:00006A84       AnsiSameText
 0001:00006AC0       AnsiStrLIComp
 0001:0000896C       AnsiStrPos
 0001:00008A0C       AnsiStrRScan
 0001:00008A34       AnsiStrScan
 0001:000036C0       AnyChangeType
 0002:000017D0       Application
 0002:000009BC       AppVisible
 0001:000082B0       AssertErrorHandler
 0002:00001014       AssertErrorProc
 0001:0000A510       AssignLongStr
 0001:0000A6D4       AssignVariant
 0001:0000A564       AssignWideStr
 0002:00001474       avail
 0001:00006F2C       BackfillGetDiskFreeSpaceEx
 0001:00024724       BackgroundClipped
 0001:000495D0       BeforeExec
 0001:0000C110       BeginGlobalLoading
 0001:000053BC       BeginPaint
 0001:000155D8       BetterSize
 0001:00033740       BiDiDraw
 0001:00005194       BitBlt
 0002:00000580       BitmapCanvasList
 0002:00001668       BitmapImageLock
 0002:000008A4       BlockCode
 0002:0000144C       blockDescBlockList
 0002:00001450       blockDescFreeList
 0002:000002AC       BooleanIdents
 0002:00000914       BorderStyles
 0002:000005D0       BorderStyles
 0002:000009D4       BorderStyles
 0001:0000BAA0       Bounds
 0002:00000808       Breaks
 0002:000016A0       BrushManager
 0001:00035CC4       BuildImage
 0002:00000A40       ButtonCaptions
 0002:00000A14       ButtonNames
 0002:00000884       Buttons
 0002:00000648       ButtonStyles
 0002:00001828       ButtonWidths
 0001:00014DB8       BytesPerScanline
 0001:00015110       ByteSwapColors
 0001:0000886C       ByteType
 0001:000087F4       ByteTypeTest
 0002:000002B8       C10000
 0001:000397D8       CalcJmpOffset
 0001:0002E048       CalcSplitterPos
 0001:000053C4       CallNextHookEx
 0001:00008F4C       CallTerminateProcs
 0001:000053CC       CallWindowProc
 0001:00022D9C       CancelDrag
 0002:000016A4       CanvasList
 0002:00001788       CanvasList
 0002:000009EC       Captions
 0002:00000710       CaptureControl
 0002:000007A8       cBooleanToItemAutoFlag
 0002:0000173A       CF_COMPONENT
 0002:00001738       CF_PICTURE
 0002:000013E8       ChangeAnyProc
 0001:000214D0       ChangeBiDiModeAlignment
 0001:0000372C       ChangeSourceAny
 0002:000005F8       CharCases
 0001:000053D4       CharLowerBuff
 0001:00000250       CharNext
 0001:000136AC       CharsetToIdent
 0001:00015BA0       CheckBool
 0001:00002058       CheckJmp
 0001:000053DC       CheckMenuItem
 0002:000007F8       Checks
 0001:000396E8       CheckTaskWindow
 0001:00022ACC       CheckUndock
 0002:000007AC       cItemAutoFlagToBoolean
 0002:000007A4       cItemAutoFlagToMenu
 0002:00001624       ClassAliasList
 0001:00011DD4       Classes
 0002:00001620       ClassList
 0001:0000BAC8       ClassNotFound
 0002:000013E4       ClearAnyProc
 0001:00013024       ClearColor
 0001:000053E4       ClientToScreen
 0001:0002BAB0       ClientToWindow
 0002:00000578       ClipboardFormats
 0001:0001F764       Clipbrd
 0001:000001F0       CloseHandle
 0001:00004FCC       CloseHandle
 0002:0000102C       CmdLine
 0002:00001028       CmdShow
 0002:000007A0       cMenuAutoFlagToItem
 0002:00000348       Colors
 0001:000134A4       ColorToIdent
 0001:00013494       ColorToRGB
 0002:000016B4       ComCtl32DLL
 0001:00049274       ComCtrls
 0002:000017CC       CommandPool
 0001:0001AAA8       Commctrl
 0001:00043374       CommDlg
 0001:000006FC       Commit
 0002:00001490       committedRoot
 0001:00032020       CompareFront
 0001:00006980       CompareMem
 0001:00004FD4       CompareString
 0001:000069A0       CompareText
 0001:0000F100       ComponentCreated
 0001:00015970       ComputeAldusChecksum
 0001:00045C04       ComStrs
 0001:0000A2AC       Consts
 0001:0001A918       Contnrs
 0002:00001756       ControlAtom
 0001:0002EBCC       Controls
 0001:00007D6C       ConvertAddr
 0001:00006860       ConvertErrorFmt
 0001:00003A18       CopyArray
 0001:00017CC0       CopyBitmap
 0001:00018380       CopyBitmapAsMask
 0001:0000519C       CopyEnhMetaFile
 0001:0001831C       CopyPalette
 0001:00034E60       CopyToBest
 0002:00001680       CounterLock
 0001:000081F4       CreateAssertException
 0001:0000838C       CreateAVObject
 0001:000051A4       CreateBitmap
 0001:000051AC       CreateBrushIndirect
 0001:000051B4       CreateCompatibleBitmap
 0001:000051BC       CreateCompatibleDC
 0001:0000F180       CreateComponent
 0001:000051CC       CreateDIBitmap
 0001:000051C4       CreateDIBSection
 0001:00004FDC       CreateEvent
 0001:00004FE4       CreateFile
 0001:000001F8       CreateFileA
 0001:000051D4       CreateFontIndirect
 0001:000051DC       CreateHalftonePalette
 0001:000053EC       CreateIcon
 0001:00008130       CreateInOutError
 0001:000053F4       CreateMenu
 0001:000452EC       CreateMessageDialog
 0001:000051E4       CreatePalette
 0001:000051EC       CreatePenIndirect
 0001:000053FC       CreatePopupMenu
 0001:000051F4       CreateSolidBrush
 0001:00015168       CreateSystemPalette
 0001:00004FEC       CreateThread
 0001:000058FC       CreateWindow
 0001:00005404       CreateWindowEx
 0002:00000650       CreationControl
 0002:0000074C       Ctl3DStyles
 0002:00001488       curAlloc
 0002:000014F8       CurrencyDecimals
 0002:000014F4       CurrencyFormat
 0002:000014F0       CurrencyString
 0002:00000940       CursorMap
 0002:00000660       Cursors
 0001:0002177C       CursorToIdent
 0002:000014F9       DateSeparator
 0002:00000344       DDBsOnly
 0001:00039950       DeallocateHWnd
 0002:00000008       DebugHook
 0002:000014F7       DecimalSeparator
 0001:00000790       Decommit
 0001:00000DAC       DecommitFree
 0002:00001464       decommittedRoot
 0001:0003C2A4       Default
 0001:0004124C       Default
 0002:00000000       Default8087CW
 0002:00000654       DefaultDockTreeClass
 0002:00000548       DefBrushData
 0002:00000318       DefFontData
 0001:0000540C       DefFrameProc
 0002:000001A4       DefLongDayNames
 0002:00000158       DefLongMonthNames
 0001:00005414       DefMDIChildProc
 0002:00000528       DefPenData
 0002:00000188       DefShortDayNames
 0002:00000128       DefShortMonthNames
 0001:0000541C       DefWindowProc
 0001:0000044C       DeleteBlock
 0001:00004FF4       DeleteCriticalSection
 0001:000003BC       DeleteCriticalSection
 0001:000051FC       DeleteDC
 0001:00005204       DeleteEnhMetaFile
 0001:00000BF4       DeleteFree
 0001:00005424       DeleteMenu
 0001:0000520C       DeleteObject
 0001:0001787C       DeselectBitmap
 0001:0000542C       DestroyCursor
 0001:00005434       DestroyIcon
 0001:0000543C       DestroyMenu
 0001:00005444       DestroyWindow
 0001:00045B08       Dialogs
 0002:00000584       DIBPalSizes
 0002:00000050       dig
 0001:0003953C       DisableTaskWindows
 0001:0000544C       DispatchMessage
 0001:0003F5F8       DispatchShortCut
 0001:00044FF0       Dlgs
 0001:00026C04       DoAlign
 0001:00040654       DoAlign
 0001:0002AA80       DoCalcConstraints
 0002:00001780       DockSiteList
 0001:000359F0       DoClick
 0001:000280D0       DoControlMsg
 0001:000394EC       DoDisableWindow
 0001:000223F0       DoDragOver
 0001:000068E0       DoExitProc
 0001:0002C5A8       DoFindControlZone
 0001:00039628       DoFindWindow
 0001:0002CB0C       DoFindZone
 0001:0002C62C       DoForEach
 0001:0002DEA0       DoGetNextLimit
 0001:000394B4       DoneApplication
 0001:0002E9F8       DoneControls
 0001:00008730       DoneExceptions
 0001:0003DAD8       DoNestedActivation
 0001:000404A4       DoPosition
 0001:00026868       DoPosition
 0001:0002D520       DoPrune
 0001:00044314       DoRect
 0001:0002D9D0       DoSaveZone
 0001:0002DBD4       DoSetNewBounds
 0002:000002B4       DotSep
 0001:00030934       DoWrite
 0001:000255B4       DoWrite
 0001:000169C8       DoWrite
 0001:0000CEC4       DoWrite
 0001:00015DF8       DoWrite
 0002:00001764       DragCapture
 0002:00001758       DragControl
 0001:00022B3C       DragDone
 0001:000223A0       DragFindTarget
 0001:00022374       DragFindWindow
 0002:00001760       DragFreeObject
 0002:0000177C       DragImageList
 0001:00022794       DragInit
 0001:00022904       DragInitControl
 0001:000222F8       DragMessage
 0002:0000175C       DragObject
 0002:00001770       DragSaveCursor
 0002:00001768       DragStartPos
 0002:00001774       DragThreshold
 0001:000224C0       DragTo
 0001:00041288       DrawAppIcon
 0001:0002D084       DrawCloseButton
 0001:00005454       DrawEdge
 0001:0000545C       DrawFrameControl
 0001:0002D0DC       DrawGrabberLine
 0001:00005464       DrawIcon
 0001:0000546C       DrawIconEx
 0002:00000784       DrawingStyles
 0001:00005474       DrawMenuBar
 0001:00036CE8       DrawMenuItem
 0001:0000547C       DrawText
 0001:00014C38       DupBits
 0001:00003A30       DynArrayClear
 0001:00003A38       DynArraySetLength
 0002:00000868       EdgeStyle
 0002:0000073C       EdgeStyles
 0001:00008104       EHeapException.FreeInstance
 0002:00000614       Empty
 0002:00001410       EmptyParam
 0002:000000BC       EmptyStr
 0001:00005484       EnableMenuItem
 0002:00000800       Enables
 0001:0000548C       EnableScrollBar
 0001:000395F0       EnableTaskWindows
 0001:00005494       EnableWindow
 0001:0000C1A0       EndGlobalLoading
 0001:0000549C       EndPaint
 0001:000003AC       EnterCriticalSection
 0001:00004FFC       EnterCriticalSection
 0001:00005004       EnumCalendarInfoA
 0002:000016D8       EnumDisplayMonitors
 0001:000079B8       EnumEraNames
 0001:000079F4       EnumEraYearOffsets
 0001:0003C724       EnumMonitorsProc
 0001:000054A4       EnumThreadWindows
 0001:0000EAE0       EnumValue
 0001:000054AC       EnumWindows
 0001:000054B4       EqualRect
 0002:000015BC       EraNames
 0002:000015D8       EraYearOffsets
 0002:00000048       errCaption
 0002:00001874       ErrCount
 0001:00031D70       Error
 0001:00001770       Error
 0001:0000E3C8       Error
 0002:0000103C       ErrorAddr
 0001:000081B0       ErrorHandler
 0002:000001C0       ErrorMap
 0002:00001004       ErrorProc
 0001:00007D54       ExceptAddr
 0002:00001008       ExceptClsProc
 0001:00008654       ExceptHandler
 0001:00007F78       Exception.Create
 0001:00007FB4       Exception.CreateFmt
 0001:00008034       Exception.CreateRes
 0001:00008070       Exception.CreateResFmt
 0002:00001010       ExceptionClass
 0001:00007D78       ExceptionErrorMessage
 0002:000001F8       ExceptMap
 0001:00007D3C       ExceptObject
 0002:0000100C       ExceptObjProc
 0002:00001000       ExceptProc
 0001:00005214       ExcludeClipRect
 0002:00001034       ExitCode
 0001:0000278C       ExitDll
 0002:00001038       ExitProc
 0001:00000258       ExitProcess
 0002:000000FC       ExitProcList
 0001:00044FB8       ExtCtrls
 0001:00006EE4       ExtractFileExt
 0001:00006EAC       ExtractFileName
 0002:00001740       FClipboard
 0001:00006DB4       FileAge
 0001:00006DAC       FileClose
 0001:00006D24       FileCreate
 0001:00006E1C       FileExists
 0002:0000057C       FileFormats
 0002:00001046       FileMode
 0001:00006CE4       FileOpen
 0001:00006D48       FileRead
 0002:000002BC       FilerSignature
 0001:00006DA0       FileSeek
 0001:0000500C       FileTimeToDosDateTime
 0001:00005014       FileTimeToLocalFileTime
 0001:00006D74       FileWrite
 0001:00000CDC       FillAfterGap
 0001:00000C88       FillBeforeGap
 0001:00000D74       FillerSizeAfterGap
 0001:00000D04       FillerSizeBeforeGap
 0001:000054BC       FillRect
 0001:0001F8E0       Finalization
 0001:0001F728       Finalization
 0001:0001F6F0       Finalization
 0001:00045BD4       Finalization
 0001:00045B5C       Finalization
 0001:0004329C       Finalization
 0001:00045B24       Finalization
 0001:000432D4       Finalization
 0001:0004330C       Finalization
 0001:00045AAC       Finalization
 0001:00043344       Finalization
 0001:00030E70       Finalization
 0001:0001AA78       Finalization
 0001:00004CE0       Finalization
 0001:0002F9E0       Finalization
 0001:0000A79C       Finalization
 0001:0001B204       Finalization
 0001:00044F88       Finalization
 0001:0001B244       Finalization
 0001:00004F7C       Finalization
 0001:0001B284       Finalization
 0001:0001B2BC       Finalization
 0001:000430E8       Finalization
 0001:0002EB78       Finalization
 0001:00009D64       Finalization
 0001:00009F2C       Finalization
 0001:0000A27C       Finalization
 0001:00005A28       Finalization
 0001:00005A60       Finalization
 0001:00005D28       Finalization
 0001:00043264       Finalization
 0001:0004322C       Finalization
 0001:000491FC       Finalization
 0001:000431DC       Finalization
 0001:0001A58C       Finalization
 0001:0001A8E8       Finalization
 0001:00011D1C       Finalization
 0001:00036FD4       Finalization
 0001:00043174       Finalization
 0001:00049974       Finalization
 0001:0001B618       Finalization
 0001:000499AC       Finalization
 0001:00044FC0       Finalization
 0001:0001B2F4       Finalization
 0001:00003A28       FinalizeArray
 0001:00035804       Find
 0001:00003C88       FindBS
 0001:0000BBE4       FindClass
 0001:00003C5C       FindClassHInstance
 0001:00000268       FindClose
 0001:0000501C       FindClose
 0001:00000C58       FindCommitted
 0001:0002159C       FindControl
 0001:0002CD14       FindControlAtPos
 0001:00022DE8       FindDragTarget
 0001:0000F330       FindExistingComponent
 0001:00000270       FindFirstFile
 0001:00005024       FindFirstFile
 0002:00001618       FindGlobalComponent
 0001:00039734       FindGlobalComponent
 0001:00003C34       FindHInstance
 0001:0000BF84       FindIdentToInt
 0002:00001824       FindMsg
 0001:0000E67C       FindNestedComponent
 0001:00031D38       FindPopupControl
 0001:0000502C       FindResource
 0001:00003C64       FindResourceHInstance
 0001:00042A98       FindScanline
 0001:0003968C       FindTopMostWindow
 0001:00010200       FindUniqueName
 0001:00022DB4       FindVCLWindow
 0001:000054C4       FindWindow
 0001:00002610       FInitUnits
 0001:00017C74       FixupBitFields
 0002:00000878       Flags
 0002:00001604       FLanguages
 0001:0001B648       FlatSB
 0002:00001700       FlatSB_EnableScrollBar
 0002:0000170C       FlatSB_GetScrollInfo
 0002:00001710       FlatSB_GetScrollPos
 0002:00001708       FlatSB_GetScrollRange
 0002:00001718       FlatSB_SetScrollInfo
 0002:00001714       FlatSB_SetScrollPos
 0001:0001B338       FlatSB_SetScrollProp
 0002:0000171C       FlatSB_SetScrollRange
 0002:00001704       FlatSB_ShowScrollBar
 0001:00009A61       FloatToDecimal
 0001:000094BE       FloatToText
 0001:0000978E       FloatToTextFmt
 0001:000076D0       FmtStr
 0002:00000890       FocusCount
 0002:0000088C       FocusMessages
 0002:00000498       FontCharsets
 0002:00001698       FontManager
 0001:00039708       ForegroundTask
 0002:0000186C       Form1
 0001:000076BC       Format
 0001:0000725C       FormatBuf
 0001:00007250       FormatClearStr
 0001:000071E4       FormatError
 0002:00000120       FormatErrorStrs
 0001:00005034       FormatMessage
 0001:0000723C       FormatVarToStr
 0001:0004313C       Forms
 0001:00004784       FPower10
 0002:000005CC       FPrinter
 0001:000443D8       Frame3D
 0001:000054CC       FrameRect
 0001:00009138       FreeAndNil
 0001:000009C4       FreeCommitted
 0001:00000ECC       FreeCurAlloc
 0001:00022EA8       FreeDeviceContext
 0001:00022F64       FreeDeviceContexts
 0001:00011CA8       FreeIntConstList
 0001:0000503C       FreeLibrary
 0001:00000278       FreeLibrary
 0001:000177D0       FreeMemoryContexts
 0001:00039878       FreeObjectInstance
 0001:00005044       FreeResource
 0001:00000644       FreeSpace
 0001:00008F68       FreeTerminateProcs
 0001:00010D64       FreeThreadWindow
 0002:00001868       FRichEditModule
 0001:00014C28       GDICheck
 0001:00014B80       GDIError
 0001:000054D4       GetActiveWindow
 0001:00040B28       GetAnimation
 0001:00045000       GetAveCharSize
 0001:0000521C       GetBitmapBits
 0001:000003C4       GetBlockDesc
 0001:00005224       GetBrushOrgEx
 0001:000054DC       GetCapture
 0001:00021824       GetCaptureControl
 0001:0000BB34       GetClass
 0001:000054E4       GetClassInfo
 0001:000054EC       GetClientRect
 0001:000054F4       GetClipboardData
 0001:000165BC       GetClipboardFormats
 0001:0000522C       GetClipBox
 0001:00000360       GetCmdShow
 0001:0002FB84       GetColor
 0001:00000280       GetCommandLine
 0001:00000810       GetCommitted
 0001:000008A0       GetCommittedAt
 0001:00027C14       GetControlAtPos
 0001:0000504C       GetCPInfo
 0001:00005234       GetCurrentPositionEx
 0001:00005054       GetCurrentProcessId
 0001:0000505C       GetCurrentThreadId
 0001:000042D4       GetCurrentThreadId
 0001:00005878       GetCurrentTime
 0001:000054FC       GetCursor
 0001:00042AA8       GetCursorHeightMargin
 0001:00005504       GetCursorPos
 0001:0000550C       GetDC
 0001:00005514       GetDCEx
 0001:0000523C       GetDCOrgEx
 0001:0001A198       GetDefFontCharSet
 0001:0000551C       GetDesktopWindow
 0001:00005254       GetDeviceCaps
 0001:00015B88       GetDIB
 0001:00005244       GetDIBColorTable
 0001:0000524C       GetDIBits
 0001:00015AD0       GetDIBSizes
 0001:00014D98       GetDInColors
 0001:00005064       GetDiskFreeSpaceA
 0002:000000F8       GetDiskFreeSpaceEx
 0001:0002DF60       GetDockAlign
 0001:0002214C       GetDockSiteAtPos
 0001:0002242C       GetDropCtl
 0001:00001E1C       GetDynaMethod
 0001:0000525C       GetEnhMetaFileBits
 0001:00005264       GetEnhMetaFileHeader
 0001:0000526C       GetEnhMetaFilePaletteEntries
 0001:0000A2EC       GetEnumNameValue
 0001:0000A338       GetEnumValue
 0001:00007A6C       GetEraNamesAndYearOffsets
 0001:00008378       GetExceptionClass
 0001:00008558       GetExceptionObject
 0001:0000BC04       GetFieldClass
 0001:0000BABC       GetFieldClassTable
 0001:0001659C       GetFileFormats
 0001:00000208       GetFileSize
 0001:00000200       GetFileType
 0001:00005524       GetFocus
 0001:000136CC       GetFontData
 0001:0000552C       GetForegroundWindow
 0001:00008B2C       GetFormatSettings
 0001:00012D20       GetHashCode
 0001:00040914       GetHint
 0001:00040944       GetHintControl
 0001:00036E74       GetHotkey
 0001:00005534       GetIconInfo
 0001:0000554C       GetKeyboardLayout
 0001:00005554       GetKeyboardLayoutList
 0001:0000555C       GetKeyboardState
 0001:00001AB0       GetKeyboardType
 0001:0000553C       GetKeyNameText
 0001:00005544       GetKeyState
 0001:00005564       GetLastActivePopup
 0001:0000506C       GetLastError
 0001:00000288       GetLastError
 0001:00007830       GetLocaleChar
 0001:00005074       GetLocaleInfo
 0001:00000290       GetLocaleInfo
 0001:000077E4       GetLocaleStr
 0001:000217E0       GetLongHint
 0001:0000556C       GetMenu
 0001:0003E444       GetMenuHelpContext
 0001:00005574       GetMenuItemCount
 0001:0000557C       GetMenuItemID
 0001:00005584       GetMenuItemInfo
 0001:00034130       GetMenuSize
 0001:0000558C       GetMenuState
 0001:00005594       GetMenuString
 0001:00004E40       GetModuleFileName
 0001:0000507C       GetModuleFileName
 0001:00000298       GetModuleFileName
 0001:00004E48       GetModuleHandle
 0001:000002A0       GetModuleHandle
 0001:00005084       GetModuleHandle
 0002:000016D4       GetMonitorInfo
 0002:000016CC       GetMonitorInfoA
 0002:000016D0       GetMonitorInfoW
 0001:00007894       GetMonthDayNames
 0001:0000559C       GetNextWindow
 0001:00005274       GetObject
 0001:0000A3B8       GetOrdProp
 0001:0000527C       GetPaletteEntries
 0001:000055A4       GetParent
 0001:00039AC4       GetParentForm
 0001:00005284       GetPixel
 0001:0000508C       GetProcAddress
 0001:000002A8       GetProcAddress
 0001:000055AC       GetProp
 0001:0000A34C       GetPropInfo
 0001:00039F84       GetRealScrollPosition
 0001:0002FB64       GetRGBColor
 0001:000055B4       GetScrollInfo
 0001:000055BC       GetScrollPos
 0001:000055C4       GetScrollRange
 0001:0002179C       GetShortHint
 0001:00000568       GetSpace
 0001:000005CC       GetSpaceAt
 0001:00031DC8       GetSpecialName
 0001:000002B0       GetStartupInfo
 0001:00000210       GetStdHandle
 0001:0000528C       GetStockObject
 0001:000055CC       GetSubMenu
 0001:000055D4       GetSysColor
 0001:00005094       GetSystemInfo
 0001:000055DC       GetSystemMenu
 0002:000016BC       GetSystemMetrics
 0001:000055E4       GetSystemMetrics
 0001:00005294       GetSystemPaletteEntries
 0001:000052A4       GetTextExtentPoint
 0001:0000529C       GetTextExtentPoint32
 0001:000052AC       GetTextMetrics
 0001:000002B8       GetThreadLocale
 0001:0000509C       GetThreadLocale
 0001:000050A4       GetTickCount
 0001:00041038       GetTopMostWindows
 0001:0002192C       GetTopParent
 0001:000055EC       GetTopWindow
 0001:0000A2E0       GetTypeData
 0001:000050AC       GetVersion
 0001:000050B4       GetVersionEx
 0001:000055F4       GetWindow
 0001:000055FC       GetWindowDC
 0001:00005604       GetWindowLong
 0001:000052BC       GetWindowOrgEx
 0001:0000560C       GetWindowPlacement
 0001:00005614       GetWindowRect
 0001:0000561C       GetWindowText
 0001:00005624       GetWindowThreadProcessId
 0001:000052B4       GetWinMetaFileBits
 0001:000050BC       GlobalAddAtom
 0001:000050C4       GlobalAlloc
 0001:00005884       GlobalAllocPtr
 0001:000050CC       GlobalDeleteAtom
 0002:0000162C       GlobalFixupList
 0001:0000E7C4       GlobalFixupReferences
 0001:000050D4       GlobalFree
 0001:000058B0       GlobalFreePtr
 0001:000050E4       GlobalHandle
 0001:000050DC       GlobalLock
 0002:00001614       GlobalNameSpace
 0001:000050EC       GlobalReAlloc
 0001:00005894       GlobalReAllocPtr
 0001:000050F4       GlobalUnlock
 0001:0001A660       Graphics
 0001:000494C0       HandleError
 0001:0000F9F8       HandleException
 0002:00000004       HeapAllocFlags
 0002:00001430       heapErrorCode
 0002:00001434       heapLock
 0002:00001820       HelpMsg
 0002:000000F4       HexDisplayPrefix
 0002:00000604       HideSelections
 0002:000014D8       HInstance
 0002:000017E8       HintDoneEvent
 0001:00040A14       HintGetMsgHook
 0002:000017EC       HintHook
 0001:000409B8       HintMouseThread
 0002:000017F0       HintThread
 0002:000017E4       HintThreadID
 0001:00040964       HintTimerProc
 0002:00000888       HintWindowClass
 0001:00040A58       HookHintHooks
 0001:00005930       HwndMSWheel
 0002:0000081C       IBreaks
 0002:00000828       IChecks
 0002:00000A00       IconIDs
 0002:00000830       IDefaults
 0001:000136BC       IdentToCharset
 0001:000134B4       IdentToColor
 0001:0002178C       IdentToCursor
 0001:0000C008       IdentToInt
 0002:00000838       IEnables
 0001:00034E30       IfHotkeyAvailable
 0001:0001A9D4       ImageList_Add
 0001:0001A9F4       ImageList_AddIcon
 0001:0001AA18       ImageList_BeginDrag
 0001:0001A9BC       ImageList_Create
 0001:0001A9C4       ImageList_Destroy
 0001:0001AA28       ImageList_DragEnter
 0001:0001AA30       ImageList_DragLeave
 0001:0001AA38       ImageList_DragMove
 0001:0001AA48       ImageList_DragShowNolock
 0001:0001AA00       ImageList_Draw
 0001:0001AA08       ImageList_DrawEx
 0001:0001AA20       ImageList_EndDrag
 0001:0001A9EC       ImageList_GetBkColor
 0001:0001AA50       ImageList_GetDragImage
 0001:0001AA68       ImageList_GetIconSize
 0001:0001A9CC       ImageList_GetImageCount
 0001:0001AA58       ImageList_Read
 0001:0001AA10       ImageList_Remove
 0001:0001A9DC       ImageList_ReplaceIcon
 0001:0001A9E4       ImageList_SetBkColor
 0001:0001AA40       ImageList_SetDragCursorImage
 0001:0001AA70       ImageList_SetIconSize
 0001:0001AA60       ImageList_Write
 0002:00000794       Images
 0001:00030EA0       ImgList
 0001:0001B274       Imm
 0002:00000770       IMM32DLL
 0001:0002E9E4       Imm32IsIME
 0001:0000562C       InflateRect
 0001:000431BC       IniFiles
 0001:00000A50       InitAllocator
 0001:0001AAB0       InitAnApi
 0002:000016E4       InitApis
 0001:0001A928       InitComCtl
 0001:00046E10       InitCommonControl
 0001:0001A920       InitCommonControls
 0001:0001A988       InitCommonControlsEx
 0001:0000C214       InitComponent
 0002:000014A0       InitContext
 0001:0002EA6C       InitControls
 0001:000397B4       InitCtl3D
 0001:0001A1DC       InitDefFontData
 0001:00008F88       InitDriveSpacePtr
 0001:00008664       InitExceptions
 0001:0001B394       InitFlatSB
 0001:00045958       InitGlobals
 0001:00015988       InitializeBitmapInfoHeader
 0001:000050FC       InitializeCriticalSection
 0001:000003A4       InitializeCriticalSection
 0002:0000142C       initialized
 0001:0001B36C       InitializeFlatSB
 0001:00004EFC       InitializeModule
 0001:0002E684       InitIMM32
 0001:0000C2BC       InitInheritedComponent
 0001:0001B198       InitMultiMonStubs
 0001:0000879C       InitPlatformId
 0002:00001030       InitProc
 0001:0001A160       InitScreenLogPixels
 0001:00008A74       InitSysLocale
 0001:00004E68       InitThreadTLS
 0001:00002670       InitUnits
 0001:000214E4       InitWndProc
 0002:0000071C       InnerStyles
 0002:0000104C       Input
 0001:00026808       InsertBefore
 0001:00040444       InsertBefore
 0001:00000E44       InsertFree
 0001:00034EE4       InsertHotkeyFarEastFormat
 0001:00005634       InsertMenu
 0001:0000563C       InsertMenuItem
 0002:000017DC       InstBlockList
 0002:000017E0       InstFreeList
 0002:00001628       IntConstList
 0001:00000358       InterlockedDecrement
 0001:00000350       InterlockedIncrement
 0001:00012CAC       InternalDeletePalette
 0001:00000CB8       InternalFreeMem
 0001:00015AD8       InternalGetDIB
 0001:00015A6C       InternalGetDIBSizes
 0001:0000C08C       InternalReadComponentRes
 0001:000052C4       IntersectClipRect
 0001:00005644       IntersectRect
 0001:0000C048       IntToIdent
 0001:00006C60       IntToStr
 0001:0000564C       InvalidateRect
 0001:00014B08       InvalidBitmap
 0001:00014AF0       InvalidGraphic
 0001:00014B14       InvalidIcon
 0001:00014B20       InvalidMetafile
 0001:00014AD8       InvalidOperation
 0002:00001600       InvalidPointer
 0001:00001CD4       InvokeImplGetter
 0001:000017E4       IOResult
 0002:00000858       IOwnerDraw
 0002:00000840       IRadios
 0002:00000850       IRTL
 0001:00039A54       IsAccel
 0001:00035FA4       IsAccelChar
 0001:00021F04       IsBeforeTargetWindow
 0001:00005654       IsChild
 0002:00001044       IsConsole
 0001:00022350       IsDelphiHandle
 0001:0000565C       IsDialogMessage
 0002:00000848       ISeparators
 0001:00009F24       IsEqualIID
 0001:00005664       IsIconic
 0001:00036000       IsInitialChar
 0002:00001024       IsLibrary
 0002:00001045       IsMultiThread
 0001:0000566C       IsRectEmpty
 0001:00022108       IsSiteChildOfClient
 0001:00006BFC       IsValidIdent
 0001:00005674       IsWindow
 0001:0000567C       IsWindowEnabled
 0001:00005684       IsWindowVisible
 0001:0000568C       IsZoomed
 0001:00032194       Iterate
 0001:000321F4       IterateMenus
 0002:0000000C       JITEnable
 0001:00039A08       KeyboardStateToShiftState
 0001:000399CC       KeyDataToShiftState
 0001:00039978       KeysToShiftState
 0001:00005694       KillTimer
 0001:00006E5C       LastDelimiter
 0002:000000D4       LeadBytes
 0001:000003B4       LeaveCriticalSection
 0001:00005104       LeaveCriticalSection
 0002:00000014       LibModuleList
 0001:000052CC       LineTo
 0001:00022E30       ListAdd
 0001:00022E58       ListRemove
 0002:000015F4       ListSeparator
 0001:0000569C       LoadBitmap
 0001:000056A4       LoadCursor
 0001:000056AC       LoadIcon
 0001:000056B4       LoadKeyboardLayout
 0001:0000510C       LoadLibrary
 0001:000002C0       LoadLibraryEx
 0001:00005114       LoadResource
 0001:00003E44       LoadResourceModule
 0001:000041AC       LoadResString
 0001:000056BC       LoadString
 0001:000002C8       LoadString
 0001:00004E50       LocalAlloc
 0001:00000384       LocalAlloc
 0001:0000038C       LocalFree
 0001:00007858       LocalGetLocaleStr
 0001:0000511C       LockResource
 0002:00001500       LongDateFormat
 0002:00001594       LongDayNames
 0002:00001548       LongMonthNames
 0002:00001514       LongTimeFormat
 0001:0000518C       lstrcpy
 0001:000002D0       lstrcpy
 0001:000002D8       lstrcpyn
 0001:000002E0       lstrlen
 0002:0000101C       MainInstance
 0002:00001020       MainThreadID
 0001:00000414       MakeEmpty
 0001:0000273C       MakeErrorMessage
 0002:0000075C       MakeLast
 0001:0000586C       MakeLong
 0001:000397E0       MakeObjectInstance
 0001:000058C4       MakeROP4
 0001:000082F8       MapException
 0001:0000248C       MapToRunError
 0001:000056C4       MapVirtualKey
 0001:000056CC       MapWindowPoints
 0002:0000077C       Mask
 0001:000052D4       MaskBlt
 0001:0001B2B4       Math
 0001:00044FF8       Max
 0001:0001B27C       Max
 0001:0003C2F0       MaximizedChildren
 0002:0000001C       MemoryManager
 0002:000007B0       MenuKeyCaps
 0001:00037044       Menus
 0001:00000464       MergeBlockAfter
 0001:00000F18       MergeCommit
 0001:000056D4       MessageBox
 0001:00000260       MessageBox
 0001:0004585C       MessageDlgPos
 0001:00045880       MessageDlgPosHelp
 0001:00005A90       Messages
 0001:0002DE98       Min
 0001:0000C974       Min
 0001:00026134       MinVar
 0002:000016EC       MMAvailable
 0002:00000A6C       ModalResults
 0002:00000774       ModeMap
 0001:0003DE50       ModifySystemMenu
 0002:000000A4       Module
 0002:000014CD       ModuleIsCpp
 0002:000014CC       ModuleIsLib
 0001:00011D14       ModuleUnload
 0002:00000018       ModuleUnloadList
 0002:000016C8       MonitorFromPoint
 0002:000016C4       MonitorFromRect
 0002:000016C0       MonitorFromWindow
 0002:00001748       Mouse
 0001:000017FC       Move
 0001:000052DC       MoveToEx
 0001:00022E78       MoveWindowOrg
 0001:00005124       MulDiv
 0001:000002E8       MultiByteToWideChar
 0001:0001B234       MultiMon
 0002:000014F5       NegCurrFormat
 0001:00000FA4       NewCommit
 0001:00000FD0       NewCommitAt
 0002:0000174C       NewStyleControls
 0002:000002C0       NilMethod
 0002:00000010       NoErrMsg
 0001:00032EC0       NormalDraw
 0001:00002044       NotifyAnyExcept
 0001:0000201C       NotifyExcept
 0001:00002078       NotifyExceptFinally
 0001:0000C170       NotifyGlobalLoading
 0001:000040D0       NotifyModuleUnload
 0001:00001FFC       NotifyNonDelphiException
 0001:00002030       NotifyOnExcept
 0001:00001FE0       NotifyReRaise
 0001:000020A0       NotifyTerminate
 0001:000020BC       NotifyUnhandled
 0001:000359E0       NthParentOf
 0002:00001400       Null
 0002:0000060C       OEMConverts
 0001:000056DC       OemToAnsi
 0001:000056E4       OffsetRect
 0001:0000350C       OleStrToStrVar
 0002:00000754       OrientArray
 0002:0000072C       OuterStyles
 0002:000015FC       OutOfMemory
 0001:00014B2C       OutOfResources
 0002:00001218       Output
 0002:0000058C       Pal16
 0001:00013090       PaletteChanged
 0001:00015318       PaletteFromDIBColorTable
 0001:000153BC       PaletteToDIBColorTable
 0002:00000588       PalSize
 0001:0002C250       ParentNotLast
 0002:000005E8       Passwords
 0001:000052E4       PatBlt
 0002:000016A8       PatternManager
 0001:000056EC       PeekMessage
 0002:0000169C       PenManager
 0002:00000558       PenModes
 0002:00000538       PenStyles
 0001:000052EC       PlayEnhMetaFile
 0001:0000BA6C       Point
 0001:000058E4       PointToSmallPoint
 0001:000052F4       Polyline
 0002:000017C0       PopupList
 0001:000056F4       PostMessage
 0001:000056FC       PostQuitMessage
 0001:0001B330       Printers
 0001:0003F3F8       ProcessExecute
 0001:00039C84       ProcessHorz
 0001:0003F4F8       ProcessUpdate
 0001:00039CF0       ProcessVert
 0001:0000EAD4       PropertyNotFound
 0001:0000FAF8       PropPathError
 0002:000008E0       Props
 0001:0000EAC8       PropValueError
 0001:00005704       PtInRect
 0002:00001784       QualifyingSites
 0001:000082A0       RaiseAssertException
 0001:00000218       RaiseException
 0001:00008EA4       RaiseLastWin32Error
 0001:00001764       RaiseList
 0002:00001040       RandSeed
 0001:0002CE34       ReadControlName
 0001:0000EAB0       ReadError
 0001:00000220       ReadFile
 0001:0000512C       ReadFile
 0001:00015668       ReadIcon
 0002:000005F0       ReadOnlys
 0001:0000FD70       ReadVariantProp
 0001:000052FC       RealizePalette
 0001:0000F120       Recover
 0001:0000BA84       Rect
 0001:0000530C       Rectangle
 0001:00005304       RectVisible
 0001:0000570C       RedrawWindow
 0002:000013EC       RefAnyProc
 0001:000002F0       RegCloseKey
 0001:00004FB4       RegCloseKey
 0001:00005714       RegisterClass
 0001:0000BCD0       RegisterClass
 0001:0000BDCC       RegisterClasses
 0001:0000571C       RegisterClipboardFormat
 0001:00022298       RegisterDockSite
 0001:0000BF58       RegisterIntegerConsts
 0001:0000412C       RegisterModule
 0001:00005724       RegisterWindowMessage
 0001:00043224       Registry
 0001:000002F8       RegOpenKeyEx
 0001:00004FBC       RegOpenKeyEx
 0001:00004FC4       RegQueryValueEx
 0001:00000300       RegQueryValueEx
 0001:00043294       RegStr
 0001:0000572C       ReleaseCapture
 0001:00005734       ReleaseDC
 0002:00001484       remBytes
 0001:000004D8       RemoveBlock
 0001:0000E980       RemoveFixupReferences
 0001:0000EA2C       RemoveFixups
 0001:0000ED04       RemoveGlobalFixup
 0001:0000573C       RemoveMenu
 0001:00004048       RemoveModuleUnloadProc
 0001:00004070       RemoveModuleUnloadProc
 0001:00005744       RemoveProp
 0001:00001450       ResizeInPlace
 0001:00005314       RestoreDC
 0001:00031D68       ReturnAddr
 0001:0000D024       ReturnAddr
 0001:0000C44C       ReturnAddr
 0001:00015098       RGBQuadToTriple
 0001:00015060       RGBTripleToQuad
 0001:00045B54       RichEdit
 0002:00001480       rover
 0002:00000AF4       RRStyles
 0002:00000A98       RTFConversionFormat
 0002:00000AC0       RTL
 0002:00000AB0       RTL
 0002:00000AB8       RTL
 0001:00000228       RtlUnwind
 0002:00000028       runErrMsg
 0001:00002480       RunErrorAt
 0001:00009148       SafeLoadLibrary
 0001:000069F4       SameText
 0001:0000531C       SaveDC
 0002:000017D4       Screen
 0002:00001654       ScreenLogPixels
 0001:0000574C       ScreenToClient
 0002:00000630       ScrollBar
 0001:00039E3C       ScrollBarVisible
 0001:00005754       ScrollWindow
 0001:00001004       SearchSmallBlocks
 0001:00005324       SelectObject
 0001:0000532C       SelectPalette
 0001:000215B8       SendAppMessage
 0001:000396C8       SendFocusMessage
 0001:0000575C       SendMessage
 0002:00000814       Separators
 0001:00005764       SetActiveWindow
 0001:00040B58       SetAnimation
 0001:00005334       SetBkColor
 0001:0000533C       SetBkMode
 0001:00005344       SetBrushOrgEx
 0001:0000576C       SetCapture
 0001:0002184C       SetCaptureControl
 0001:00005774       SetClassLong
 0001:00046E3C       SetComCtlStyle
 0001:0000F290       SetCompName
 0001:0000577C       SetCursor
 0001:0000534C       SetDIBColorTable
 0001:00005134       SetEndOfFile
 0001:00000230       SetEndOfFile
 0001:00005354       SetEnhMetaFileBits
 0001:0000513C       SetErrorMode
 0001:00005144       SetEvent
 0001:000025C8       SetExceptionHandler
 0001:0000514C       SetFilePointer
 0001:00000238       SetFilePointer
 0001:0000A63C       SetFloatProp
 0001:00005784       SetFocus
 0001:0000578C       SetForegroundWindow
 0001:0002E908       SetImeMode
 0001:000017D4       SetInOutRes
 0001:0000A760       SetInt64Prop
 0001:0000FCE8       SetIntIdent
 0001:0000A524       SetLongStrProp
 0001:00005794       SetMenu
 0001:0000579C       SetMenuItemInfo
 0001:0000A728       SetMethodProp
 0001:0000FD30       SetObjectIdent
 0001:0000A42C       SetOrdProp
 0001:0000535C       SetPixel
 0001:000057A4       SetProp
 0001:000057AC       SetRect
 0001:00005364       SetROP2
 0001:000057B4       SetScrollInfo
 0001:000057BC       SetScrollPos
 0001:000057C4       SetScrollRange
 0001:0000A488       SetShortStrProp
 0001:0000A4DC       SetShortStrPropAsLongStr
 0001:0000536C       SetStretchBltMode
 0001:0000A610       SetStrProp
 0001:00005374       SetTextColor
 0001:00005154       SetThreadLocale
 0001:000057CC       SetTimer
 0001:0000A6E8       SetVariantProp
 0001:0000537C       SetViewportOrgEx
 0001:000427B8       SetVisible
 0001:0000A578       SetWideStrProp
 0001:0000A5B8       SetWideStrPropAsLongStr
 0001:000057D4       SetWindowLong
 0001:0000538C       SetWindowOrgEx
 0001:000057DC       SetWindowPlacement
 0001:000057E4       SetWindowPos
 0001:000057F4       SetWindowsHookEx
 0001:000057EC       SetWindowText
 0001:00005384       SetWinMetaFileBits
 0002:0000010C       ShareMode
 0001:0004325C       ShellAPI
 0002:00001864       ShellModule
 0001:0004333C       ShlObj
 0001:00031D90       ShortCut
 0002:000017C4       ShortCutItems
 0001:00031E1C       ShortCutToText
 0002:000014FC       ShortDateFormat
 0002:00001578       ShortDayNames
 0002:00001518       ShortMonthNames
 0002:00001510       ShortTimeFormat
 0002:00000928       ShowCommands
 0002:00000934       ShowCommands
 0002:0000091C       ShowCommands
 0001:000057FC       ShowCursor
 0001:00007F00       ShowException
 0002:000009C0       ShowFlags
 0002:00000714       ShowFlags
 0001:00039468       ShowMDIClientEdge
 0001:00045934       ShowMessage
 0001:00045940       ShowMessagePos
 0001:00005804       ShowOwnedPopups
 0001:0000580C       ShowScrollBar
 0001:00005814       ShowWindow
 0001:00040B80       ShowWinNoAnimate
 0002:00000768       SizeCursors
 0001:0000515C       SizeofResource
 0001:000107B0       SkipBinary
 0001:0001075C       SkipBytes
 0001:000107D8       SkipCollection
 0001:00010734       SkipList
 0001:00005164       Sleep
 0001:0000BA74       SmallPoint
 0001:000058D0       SmallPointToPoint
 0002:0000148C       smallTab
 0002:00001454       spaceRoot
 0001:0001F910       StdActns
 0001:0001F720       StdCtrls
 0001:000397B8       StdWndProc
 0002:00001870       StmtCount
 0002:0000165C       StockBrush
 0002:00001660       StockFont
 0002:00001664       StockIcon
 0002:00001658       StockPen
 0001:00007188       StrAlloc
 0001:0000719C       StrBufSize
 0001:00008890       StrByteType
 0001:000070A8       StrComp
 0001:00007008       StrCopy
 0001:000071D4       StrDispose
 0001:00030804       StreamsEqual
 0001:00006FB8       StrEnd
 0001:00005394       StretchBlt
 0001:00007654       StrFmt
 0001:0000DE40       StringListAnsiCompare
 0001:00003530       StringToOleStr
 0001:00036DDC       StripHotkey
 0001:00007030       StrLCopy
 0001:00006FA0       StrLen
 0001:00007688       StrLFmt
 0001:000070CC       StrLIComp
 0001:00006FCC       StrMove
 0001:000071A8       StrNew
 0001:00007064       StrPCopy
 0001:00007088       StrPLCopy
 0001:00007134       StrPos
 0001:00007114       StrScan
 0001:00006C90       StrToInt
 0001:00006CCC       StrToIntDef
 0002:00000908       Styles
 0001:00000318       SysAllocStringLen
 0001:00005D58       SysConst
 0002:000008D0       SysConsts
 0002:000008D8       SysConsts
 0001:00007798       SysErrorMessage
 0001:000012AC       SysFreeMem
 0001:00000328       SysFreeString
 0001:00001124       SysGetMem
 0001:00004FAC       SysInit
 0002:000015B0       SysLocale
 0001:00001620       SysReallocMem
 0001:00000320       SysReAllocStringLen
 0001:00000330       SysStringLen
 0001:00004D48       System
 0002:0000164C       SystemPalette16
 0001:00015280       SystemPaletteOverride
 0001:0000581C       SystemParametersInfo
 0001:00009EA4       SysUtils
 0001:00046F74       TabControlError
 0002:00000AE8       TabStyles
 0001:0002F4B0       TActionLink.IsCaptionLinked
 0001:0002F4C4       TActionLink.IsCheckedLinked
 0001:0002F4D8       TActionLink.IsEnabledLinked
 0001:0002F4EC       TActionLink.IsHelpContextLinked
 0001:0002F500       TActionLink.IsHintLinked
 0001:0002F514       TActionLink.IsImageIndexLinked
 0001:0002F528       TActionLink.IsShortCutLinked
 0001:0002F53C       TActionLink.IsVisibleLinked
 0001:0002F550       TActionLink.SetCaption
 0001:0002F554       TActionLink.SetChecked
 0001:0002F558       TActionLink.SetEnabled
 0001:0002F55C       TActionLink.SetHelpContext
 0001:0002F560       TActionLink.SetHint
 0001:0002F564       TActionLink.SetImageIndex
 0001:0002F568       TActionLink.SetShortCut
 0001:0002F56C       TActionLink.SetVisible
 0001:00042C50       TApplication.ActivateHint
 0001:00041B1C       TApplication.BringToFront
 0001:00042A70       TApplication.CancelHint
 0001:000411FC       TApplication.CheckIniChange
 0001:00040FD8       TApplication.ControlDestroyed
 0001:00040BC0       TApplication.Create
 0001:00041F14       TApplication.CreateForm
 0001:00040E38       TApplication.CreateHandle
 0001:00040D58       TApplication.Destroy
 0001:00042FF8       TApplication.DispatchAction
 0001:0004249C       TApplication.DoActionIdle
 0001:00042500       TApplication.DoMouseIdle
 0001:000410A8       TApplication.DoNormalizeTopMosts
 0001:00043088       TApplication.ExecuteAction
 0001:00041970       TApplication.GetIconHandle
 0001:00041B58       TApplication.GetTitle
 0001:0004205C       TApplication.HandleException
 0001:00041E00       TApplication.HandleMessage
 0001:00042454       TApplication.HelpCommand
 0001:00042448       TApplication.HelpContext
 0001:00042A34       TApplication.HideHint
 0001:000428F4       TApplication.HintMouseMessage
 0001:00042A00       TApplication.HintTimerExpired
 0001:00041E24       TApplication.HookMainWindow
 0001:000426C0       TApplication.IconChanged
 0001:00042584       TApplication.Idle
 0001:00041EFC       TApplication.Initialize
 0001:0004231C       TApplication.InvokeHelp
 0001:00041BA0       TApplication.IsDlgMsg
 0001:00041CCC       TApplication.IsHintMsg
 0001:00041C14       TApplication.IsKeyMsg
 0001:00041BC4       TApplication.IsMDIMsg
 0001:00041CFC       TApplication.IsShortCut
 0001:000420EC       TApplication.MessageBox
 0001:0004198C       TApplication.Minimize
 0001:00041158       TApplication.NormalizeAllTopMosts
 0001:00041150       TApplication.NormalizeTopMosts
 0001:00042684       TApplication.NotifyForms
 0001:00041D68       TApplication.ProcessMessage
 0001:00041A2C       TApplication.Restore
 0001:00041160       TApplication.RestoreTopMosts
 0001:00041F94       TApplication.Run
 0001:00042724       TApplication.SetHint
 0001:0004245C       TApplication.SetShowHint
 0001:00042244       TApplication.ShowException
 0001:0004289C       TApplication.StartHintTimer
 0001:000428D4       TApplication.StopHintTimer
 0001:00042048       TApplication.Terminate
 0001:00041E80       TApplication.UnhookMainWindow
 0001:000430B0       TApplication.UpdateAction
 0001:00042814       TApplication.UpdateVisible
 0001:000411E4       TApplication.UseRightToLeftAlignment
 0001:000411CC       TApplication.UseRightToLeftReading
 0001:000412D4       TApplication.WndProc
 0002:00000894       TaskActiveWindow
 0002:0000089C       TaskFirstTopMost
 0002:00000898       TaskFirstWindow
 0002:000008A0       TaskWindowList
 0001:00021C24       TBaseDragControlObject.Assign
 0001:00021C00       TBaseDragControlObject.Create
 0001:00021C50       TBaseDragControlObject.EndDrag
 0001:00021C74       TBaseDragControlObject.Finished
 0001:0001176C       TBasicAction.Change
 0001:00011644       TBasicAction.Create
 0001:00011688       TBasicAction.Destroy
 0001:000116E0       TBasicAction.Execute
 0001:000116D8       TBasicAction.ExecuteTarget
 0001:000116D4       TBasicAction.HandlesTarget
 0001:00011780       TBasicAction.RegisterChanges
 0001:00011718       TBasicAction.SetOnExecute
 0001:0001178C       TBasicAction.UnRegisterChanges
 0001:000116FC       TBasicAction.Update
 0001:000116DC       TBasicAction.UpdateTarget
 0001:000115A0       TBasicActionLink.AssignClient
 0001:000115D8       TBasicActionLink.Change
 0001:0001155C       TBasicActionLink.Create
 0001:000115A4       TBasicActionLink.Destroy
 0001:000115F0       TBasicActionLink.Execute
 0001:0001162C       TBasicActionLink.IsOnExecuteLinked
 0001:00011600       TBasicActionLink.SetAction
 0001:00011630       TBasicActionLink.SetOnExecute
 0001:00011638       TBasicActionLink.Update
 0001:00018630       TBitmap.Assign
 0001:00018804       TBitmap.Changed
 0001:000187E0       TBitmap.Changing
 0001:00018720       TBitmap.CopyImage
 0001:0001858C       TBitmap.Create
 0001:000185F4       TBitmap.Destroy
 0001:00018C2C       TBitmap.DIBNeeded
 0001:00018810       TBitmap.Dormant
 0001:0001882C       TBitmap.Draw
 0001:00018CA0       TBitmap.FreeContext
 0001:00018A7C       TBitmap.FreeImage
 0001:00018AF8       TBitmap.GetCanvas
 0001:00018AE0       TBitmap.GetEmpty
 0001:00018B38       TBitmap.GetHandle
 0001:00018B5C       TBitmap.GetHandleType
 0001:00018B88       TBitmap.GetHeight
 0001:00018B98       TBitmap.GetMaskHandle
 0001:00018BAC       TBitmap.GetMonochrome
 0001:00018BC8       TBitmap.GetPalette
 0001:00018BDC       TBitmap.GetTransparentColor
 0001:00018C24       TBitmap.GetWidth
 0001:00018CB0       TBitmap.HandleNeeded
 0001:00018DD8       TBitmap.LoadFromClipboardFormat
 0001:00018E5C       TBitmap.LoadFromStream
 0001:00018CC0       TBitmap.MaskHandleNeeded
 0001:00018E80       TBitmap.NewImage
 0001:00018D20       TBitmap.PaletteNeeded
 0001:00018F80       TBitmap.ReadData
 0001:00018FA8       TBitmap.ReadDIB
 0001:000194BC       TBitmap.ReadStream
 0001:00019C08       TBitmap.SaveToClipboardFormat
 0001:00019C00       TBitmap.SaveToStream
 0001:0001952C       TBitmap.SetHandle
 0001:000195F0       TBitmap.SetHandleType
 0001:00019728       TBitmap.SetHeight
 0001:0001977C       TBitmap.SetMonochrome
 0001:000197FC       TBitmap.SetPalette
 0001:000198D0       TBitmap.SetWidth
 0001:00019924       TBitmap.WriteData
 0001:0001992C       TBitmap.WriteStream
 0001:000178F8       TBitmapCanvas.Create
 0001:00017A00       TBitmapCanvas.CreateHandle
 0001:00017934       TBitmapCanvas.Destroy
 0001:00017960       TBitmapCanvas.FreeContext
 0001:00017B10       TBitmapImage.Destroy
 0001:00017B6C       TBitmapImage.FreeHandle
 0001:0000C92C       TBits.Destroy
 0001:0000C95C       TBits.Error
 0001:0000CA50       TBits.OpenBit
 0001:0000CA24       TBits.SetBit
 0001:0000C980       TBits.SetSize
 0001:00013FE0       TBrush.Assign
 0001:00013F78       TBrush.Create
 0001:00013FB8       TBrush.Destroy
 0001:0001411C       TBrush.GetColor
 0001:00014088       TBrush.GetData
 0001:00014158       TBrush.GetHandle
 0001:00014238       TBrush.GetStyle
 0001:000140F8       TBrush.SetBitmap
 0001:00014124       TBrush.SetColor
 0001:000140A8       TBrush.SetData
 0001:00014240       TBrush.SetStyle
 0001:0001F488       TButton.Click
 0001:0001F610       TButton.CMDialogChar
 0001:0001F5A0       TButton.CMDialogKey
 0001:0001F694       TButton.CMFocusChanged
 0001:0001F58C       TButton.CNCommand
 0001:0001F424       TButton.Create
 0001:0001F538       TButton.CreateParams
 0001:0001F574       TButton.CreateWnd
 0001:0001F4B0       TButton.SetButtonStyle
 0001:0001F504       TButton.SetDefault
 0001:0001F4AC       TButton.UseRightToLeftAlignment
 0001:0001F6E8       TButton.WMEraseBkgnd
 0001:0001F240       TButtonActionLink.AssignClient
 0001:0001F264       TButtonActionLink.IsCheckedLinked
 0001:0001F29C       TButtonActionLink.SetChecked
 0001:0001F354       TButtonControl.ActionChange
 0001:0001F300       TButtonControl.Create
 0001:0001F39C       TButtonControl.GetActionLinkClass
 0001:0001F3A4       TButtonControl.GetChecked
 0001:0001F3A8       TButtonControl.SetChecked
 0001:0001F3AC       TButtonControl.WndProc
 0001:00014AB8       TCanvas.BrushChanged
 0001:0001498C       TCanvas.Changed
 0001:00014978       TCanvas.Changing
 0001:00014394       TCanvas.CopyRect
 0001:00014274       TCanvas.Create
 0001:000149FC       TCanvas.CreateBrush
 0001:000149A0       TCanvas.CreateFont
 0001:000148AC       TCanvas.CreateHandle
 0001:000149CC       TCanvas.CreatePen
 0001:00014850       TCanvas.DeselectHandles
 0001:00014338       TCanvas.Destroy
 0001:0001441C       TCanvas.Draw
 0001:000144C8       TCanvas.FillRect
 0001:00014A78       TCanvas.FontChanged
 0001:00014830       TCanvas.GetHandle
 0001:00014778       TCanvas.GetPenPos
 0001:000147BC       TCanvas.GetPixel
 0001:00014504       TCanvas.LineTo
 0001:0001453C       TCanvas.Lock
 0001:00014564       TCanvas.MoveTo
 0001:00014A98       TCanvas.PenChanged
 0001:00014590       TCanvas.Polyline
 0001:000145C8       TCanvas.Rectangle
 0001:00014904       TCanvas.RequiredState
 0001:0001476C       TCanvas.SetBrush
 0001:00014750       TCanvas.SetFont
 0001:000148B0       TCanvas.SetHandle
 0001:00014760       TCanvas.SetPen
 0001:0001479C       TCanvas.SetPenPos
 0001:000147E8       TCanvas.SetPixel
 0001:00014610       TCanvas.StretchDraw
 0001:0001464C       TCanvas.TextExtent
 0001:000146AC       TCanvas.TextHeight
 0001:00014690       TCanvas.TextWidth
 0001:000146CC       TCanvas.TryLock
 0001:00014728       TCanvas.Unlock
 0001:00030E58       TChangeLink.Change
 0001:00030E24       TChangeLink.Destroy
 0001:00016534       TClipboardFormats.Add
 0001:00016488       TClipboardFormats.Create
 0001:00016508       TClipboardFormats.Destroy
 0001:0000CC98       TCollection.Add
 0001:0000CCA4       TCollection.Clear
 0001:00010E54       TComponent.BeforeDestruction
 0001:00011370       TComponent.ChangeName
 0001:00010D80       TComponent.Create
 0001:00011108       TComponent.DefineProperties
 0001:00010DCC       TComponent.Destroy
 0001:00010FD8       TComponent.DestroyComponents
 0001:00011030       TComponent.Destroying
 0001:000114AC       TComponent.ExecuteAction
 0001:00011294       TComponent.FindComponent
 0001:00010E60       TComponent.FreeNotification
 0001:0001119C       TComponent.GetChildOwner
 0001:000111A0       TComponent.GetChildParent
 0001:00011194       TComponent.GetChildren
 0001:00011384       TComponent.GetComponent
 0001:000113B0       TComponent.GetComponentCount
 0001:000111A4       TComponent.GetNamePath
 0001:000111B8       TComponent.GetOwner
 0001:000111C0       TComponent.GetParentComponent
 0001:00011190       TComponent.HasParent
 0001:00010EF4       TComponent.Insert
 0001:00010F48       TComponent.InsertComponent
 0001:000111E0       TComponent.Loaded
 0001:000110AC       TComponent.Notification
 0001:0001151C       TComponent.QueryInterface
 0001:00010EB4       TComponent.ReadLeft
 0001:000111EC       TComponent.ReadState
 0001:00010EC8       TComponent.ReadTop
 0001:00010F20       TComponent.Remove
 0001:00010FA0       TComponent.RemoveComponent
 0001:00011090       TComponent.RemoveFreeNotification
 0001:0001106C       TComponent.RemoveNotification
 0001:000114FC       TComponent.SafeCallException
 0001:000111BC       TComponent.SetChildOrder
 0001:000113C0       TComponent.SetComponentIndex
 0001:00011414       TComponent.SetDesigning
 0001:000112E4       TComponent.SetName
 0001:000111C4       TComponent.SetParentComponent
 0001:00011464       TComponent.SetReference
 0001:000114D4       TComponent.UpdateAction
 0001:000111D4       TComponent.Updated
 0001:00011514       TComponent.UpdateRegistry
 0001:000111C8       TComponent.Updating
 0001:0001127C       TComponent.ValidateContainer
 0001:00011290       TComponent.ValidateInsert
 0001:000111FC       TComponent.ValidateRename
 0001:00010EDC       TComponent.WriteLeft
 0001:000111F4       TComponent.WriteState
 0001:00010EE8       TComponent.WriteTop
 0001:0002EF98       TContainedAction.Destroy
 0001:0002F104       TContainedAction.Execute
 0001:0002EFCC       TContainedAction.GetIndex
 0001:0002EFE8       TContainedAction.GetParentComponent
 0001:0002EFF8       TContainedAction.HasParent
 0001:0002EFE4       TContainedAction.IsCategoryStored
 0001:0002F008       TContainedAction.ReadState
 0001:0002F0B0       TContainedAction.SetActionList
 0001:0002F084       TContainedAction.SetCategory
 0001:0002F03C       TContainedAction.SetIndex
 0001:0002F0D8       TContainedAction.SetParentComponent
 0001:0002F15C       TContainedAction.Update
 0001:00025E94       TControl.ActionChange
 0001:00026254       TControl.AdjustSize
 0001:0002608C       TControl.AssignTo
 0001:000249B0       TControl.BeginAutoDrag
 0001:000249C8       TControl.BeginDrag
 0001:000245C8       TControl.BringToFront
 0001:0002535C       TControl.CalcDockSizes
 0001:00025154       TControl.CanAutoSize
 0001:00025158       TControl.CanResize
 0001:00023FF0       TControl.Changed
 0001:00024000       TControl.ChangeScale
 0001:000257FC       TControl.CheckNewSize
 0001:00025634       TControl.Click
 0001:00023EFC       TControl.ClientToScreen
 0001:00025C50       TControl.CMBiDiModeChanged
 0001:00025BF8       TControl.CMColorChanged
 0001:00025D18       TControl.CMDesignHitTest
 0001:00025BE8       TControl.CMEnabledChanged
 0001:00025E34       TControl.CMFloat
 0001:00025BF0       TControl.CMFontChanged
 0001:000262DC       TControl.CMHintShow
 0001:00025CE0       TControl.CMHitTest
 0001:00025CE8       TControl.CMMouseEnter
 0001:00025D00       TControl.CMMouseLeave
 0001:00025C30       TControl.CMParentBiDiModeChanged
 0001:00025C00       TControl.CMParentColorChanged
 0001:00025C90       TControl.CMParentFontChanged
 0001:00025C68       TControl.CMParentShowHintChanged
 0001:00025CC0       TControl.CMSysFontChanged
 0001:00025BC0       TControl.CMVisibleChanged
 0001:00025224       TControl.ConstrainedResize
 0001:00023588       TControl.Create
 0001:00025D20       TControl.CreateFloatingDockSite
 0001:000256A0       TControl.DblClick
 0001:00024C80       TControl.DefaultDockImage
 0001:0002550C       TControl.DefaultHandler
 0001:000255E4       TControl.DefineProperties
 0001:00023658       TControl.Destroy
 0001:00025F88       TControl.DoActionChange
 0001:00025188       TControl.DoCanAutoSize
 0001:000251F4       TControl.DoCanResize
 0001:00023C28       TControl.Dock
 0001:00024C20       TControl.DockTrackNoTarget
 0001:00025254       TControl.DoConstrainedResize
 0001:00025148       TControl.DoConstraintsChange
 0001:0002641C       TControl.DoContextPopup
 0001:00023D34       TControl.DoDock
 0001:00024DD0       TControl.DoDragMsg
 0001:00024C34       TControl.DoEndDock
 0001:00024B24       TControl.DoEndDrag
 0001:000256F8       TControl.DoMouseDown
 0001:000259DC       TControl.DoMouseUp
 0001:00024C60       TControl.DoStartDock
 0001:00024B04       TControl.DoStartDrag
 0001:00024A8C       TControl.DragCanceled
 0001:00024AD8       TControl.DragDrop
 0001:00024A90       TControl.Dragging
 0001:00024A9C       TControl.DragOver
 0001:00024DB0       TControl.DrawDragDockImage
 0001:00026270       TControl.DrawTextBiDiModeFlags
 0001:000262B0       TControl.DrawTextBiDiModeFlagsReadingOnly
 0001:00024DC0       TControl.EraseDragDockImage
 0001:00024434       TControl.FontChanged
 0001:000237CC       TControl.GetAction
 0001:00025FAC       TControl.GetActionLinkClass
 0001:00023D8C       TControl.GetBoundsRect
 0001:00023E2C       TControl.GetClientHeight
 0001:00023E6C       TControl.GetClientOrigin
 0001:00023DD0       TControl.GetClientRect
 0001:00023DE8       TControl.GetClientWidth
 0001:00024960       TControl.GetControlsAlignment
 0001:0002467C       TControl.GetDeviceContext
 0001:00026170       TControl.GetDockEdge
 0001:00023710       TControl.GetDragImages
 0001:00023714       TControl.GetEnabled
 0001:00026220       TControl.GetFloating
 0001:0002624C       TControl.GetFloatingDockSiteClass
 0001:00024590       TControl.GetMouseCapture
 0001:00023718       TControl.GetPalette
 0001:00023724       TControl.GetParentComponent
 0001:000257F8       TControl.GetPopupMenu
 0001:00024384       TControl.GetText
 0001:00024308       TControl.GetTextBuf
 0001:000242F8       TControl.GetTextLen
 0001:00024314       TControl.GetUndockHeight
 0001:00024328       TControl.GetUndockWidth
 0001:0002371C       TControl.HasParent
 0001:000262CC       TControl.InitiateAction
 0001:0002483C       TControl.Invalidate
 0001:000247B0       TControl.InvalidateControl
 0001:00023878       TControl.IsAnchorsStored
 0001:000244A0       TControl.IsBiDiModeStored
 0001:00025FB4       TControl.IsCaptionStored
 0001:0002452C       TControl.IsColorStored
 0001:00025FD4       TControl.IsEnabledStored
 0001:00024480       TControl.IsFontStored
 0001:00025FF4       TControl.IsHintStored
 0001:00026034       TControl.IsOnClickStored
 0001:00024494       TControl.IsShowHintStored
 0001:00026014       TControl.IsVisibleStored
 0001:00026054       TControl.Loaded
 0001:00024EC0       TControl.ManualDock
 0001:000250A8       TControl.ManualFloat
 0001:000256C0       TControl.MouseDown
 0001:00025938       TControl.MouseMove
 0001:000259A4       TControl.MouseUp
 0001:00023958       TControl.Notification
 0001:00023750       TControl.PaletteChanged
 0001:00025328       TControl.Perform
 0001:00024B50       TControl.PositionDockRect
 0001:00025594       TControl.ReadIsControl
 0001:000238C4       TControl.ReadState
 0001:00024860       TControl.Refresh
 0001:00024868       TControl.Repaint
 0001:00023894       TControl.RequestAlign
 0001:000238A4       TControl.Resize
 0001:00023F28       TControl.ScreenToClient
 0001:00023F54       TControl.SendCancelMode
 0001:00023F84       TControl.SendDockNotification
 0001:000237FC       TControl.SetAction
 0001:0002399C       TControl.SetAlign
 0001:000237DC       TControl.SetAnchors
 0001:00024144       TControl.SetAutoSize
 0001:00024418       TControl.SetBiDiMode
 0001:00023A30       TControl.SetBounds
 0001:00023DAC       TControl.SetBoundsRect
 0001:00023E44       TControl.SetClientHeight
 0001:00024208       TControl.SetClientSize
 0001:00023E00       TControl.SetClientWidth
 0001:00024510       TControl.SetColor
 0001:00024574       TControl.SetCursor
 0001:00023890       TControl.SetDragMode
 0001:000242E0       TControl.SetEnabled
 0001:00024470       TControl.SetFont
 0001:00023C08       TControl.SetHeight
 0001:00023BA4       TControl.SetLeft
 0001:000245A0       TControl.SetMouseCapture
 0001:00024164       TControl.SetName
 0001:00024250       TControl.SetParent
 0001:00024554       TControl.SetParentBiDiMode
 0001:00024534       TControl.SetParentColor
 0001:00023728       TControl.SetParentComponent
 0001:000244A8       TControl.SetParentFont
 0001:000244EC       TControl.SetParentShowHint
 0001:0002433C       TControl.SetPopupMenu
 0001:000244C8       TControl.SetShowHint
 0001:000243B4       TControl.SetText
 0001:00024360       TControl.SetTextBuf
 0001:00023BC4       TControl.SetTop
 0001:0002429C       TControl.SetVisible
 0001:00023BE8       TControl.SetWidth
 0001:00024658       TControl.SetZOrder
 0001:000245D8       TControl.SetZOrderPosition
 0001:0002484C       TControl.Update
 0001:00023AC8       TControl.UpdateAnchorRules
 0001:000253CC       TControl.UpdateBoundsRect
 0001:0002497C       TControl.UseRightToLeftAlignment
 0001:00024964       TControl.UseRightToLeftReading
 0001:00024994       TControl.UseRightToLeftScrollBar
 0001:000253F0       TControl.VisibleChanging
 0001:00025AD0       TControl.WMCancelMode
 0001:00026308       TControl.WMContextMenu
 0001:000257A4       TControl.WMLButtonDblClk
 0001:0002573C       TControl.WMLButtonDown
 0001:00025A18       TControl.WMLButtonUp
 0001:00025910       TControl.WMMButtonDblClk
 0001:000258E8       TControl.WMMButtonDown
 0001:00025AB0       TControl.WMMButtonUp
 0001:00025968       TControl.WMMouseMove
 0001:00025788       TControl.WMNCLButtonDown
 0001:000258C0       TControl.WMRButtonDblClk
 0001:00025898       TControl.WMRButtonDown
 0001:00025A90       TControl.WMRButtonUp
 0001:00025B10       TControl.WMWindowPosChanged
 0001:000253F4       TControl.WndProc
 0001:000255A8       TControl.WriteIsControl
 0001:000232A0       TControlActionLink.AssignClient
 0001:000232BC       TControlActionLink.DoShowHint
 0001:000233A4       TControlActionLink.IsCaptionLinked
 0001:00023418       TControlActionLink.IsEnabledLinked
 0001:0002344C       TControlActionLink.IsHintLinked
 0001:000234B0       TControlActionLink.IsOnExecuteLinked
 0001:00023480       TControlActionLink.IsVisibleLinked
 0001:000234D8       TControlActionLink.SetCaption
 0001:000234F8       TControlActionLink.SetEnabled
 0001:00023518       TControlActionLink.SetHint
 0001:0002355C       TControlActionLink.SetOnExecute
 0001:0002353C       TControlActionLink.SetVisible
 0001:0002303C       TControlCanvas.CreateHandle
 0001:00023010       TControlCanvas.Destroy
 0001:000230E4       TControlCanvas.FreeHandle
 0001:00023118       TControlCanvas.SetControl
 0001:00023130       TControlCanvas.UpdateTextFlags
 0001:00039BFC       TControlScrollBar.Assign
 0001:00039D58       TControlScrollBar.CalcAutoRange
 0001:00039C4C       TControlScrollBar.ChangeBiDiPosition
 0001:00039EEC       TControlScrollBar.ControlSize
 0001:00039B6C       TControlScrollBar.Create
 0001:0003A48C       TControlScrollBar.DoSetRange
 0001:00039BF4       TControlScrollBar.IsIncrementStored
 0001:0003A4B8       TControlScrollBar.IsRangeStored
 0001:00039E04       TControlScrollBar.IsScrollBarVisible
 0001:00039F6C       TControlScrollBar.NeedsScrollBarVisible
 0001:00039FE4       TControlScrollBar.ScrollMessage
 0001:0003A2DC       TControlScrollBar.SetButtonSize
 0001:0003A320       TControlScrollBar.SetColor
 0001:0003A33C       TControlScrollBar.SetParentColor
 0001:0003A354       TControlScrollBar.SetPosition
 0001:0003A4A4       TControlScrollBar.SetRange
 0001:0003A418       TControlScrollBar.SetSize
 0001:0003A45C       TControlScrollBar.SetStyle
 0001:0003A474       TControlScrollBar.SetThumbSize
 0001:0003A4C4       TControlScrollBar.SetVisible
 0001:0003A5D8       TControlScrollBar.Update
 0001:000491D4       TConversion.ConvertReadStream
 0001:000491E8       TConversion.ConvertWriteStream
 0001:0002F5F0       TCustomAction.AssignTo
 0001:0002F570       TCustomAction.Create
 0001:0002F5B8       TCustomAction.Destroy
 0001:0002F99C       TCustomAction.DoHint
 0001:0002F9BC       TCustomAction.Execute
 0001:0002F66C       TCustomAction.SetCaption
 0001:0002F6D4       TCustomAction.SetChecked
 0001:0002F72C       TCustomAction.SetEnabled
 0001:0002F784       TCustomAction.SetHelpContext
 0001:0002F7DC       TCustomAction.SetHint
 0001:0002F844       TCustomAction.SetImageIndex
 0001:0002F950       TCustomAction.SetName
 0001:0002F89C       TCustomAction.SetShortCut
 0001:0002F8F8       TCustomAction.SetVisible
 0001:0002F36C       TCustomActionList.AddAction
 0001:0002F3A8       TCustomActionList.Change
 0001:0002F1B4       TCustomActionList.Create
 0001:0002F21C       TCustomActionList.Destroy
 0001:0002F470       TCustomActionList.ExecuteAction
 0001:0002F26C       TCustomActionList.GetChildren
 0001:0002F318       TCustomActionList.ImageListChange
 0001:0002F410       TCustomActionList.IsShortCut
 0001:0002F324       TCustomActionList.Notification
 0001:0002F38C       TCustomActionList.RemoveAction
 0001:0002F2B4       TCustomActionList.SetChildOrder
 0001:0002F2E4       TCustomActionList.SetImages
 0001:0002F490       TCustomActionList.UpdateAction
 0001:0002BDC0       TCustomControl.Create
 0001:0002BE1C       TCustomControl.Destroy
 0001:0002BF18       TCustomControl.Paint
 0001:0002BE6C       TCustomControl.PaintWindow
[...]
  1436 0001:00044C06  1437 0001:00044C0D  1439 0001:00044C29  1440 0001:00044C44
  1442 0001:00044C4E  1443 0001:00044C55  1445 0001:00044C71  1447 0001:00044C77
  1448 0001:00044C82  1449 0001:00044C8C  1450 0001:00044C96  1451 0001:00044CA0
  1454 0001:00044CAC  1455 0001:00044CBE  1457 0001:00044CC3  1458 0001:00044CD5
  1459 0001:00044CE0  1461 0001:00044D24  1465 0001:00044D38  1466 0001:00044D3E
  1467 0001:00044D43  1470 0001:00044D44  1471 0001:00044D47  1472 0001:00044D4D
  1473 0001:00044D54  1474 0001:00044D5B  1477 0001:00044D60  1478 0001:00044D63
  1479 0001:00044D69  1480 0001:00044D70  1481 0001:00044D77  1484 0001:00044D7C
  1485 0001:00044D7F  1486 0001:00044D85  1487 0001:00044D8C  1488 0001:00044D93
  1491 0001:00044D98  1492 0001:00044D9B  1493 0001:00044DA1  1494 0001:00044DA8
  1495 0001:00044DAF  1499 0001:00044DB4  1501 0001:00044DBC  1502 0001:00044DC2
  1504 0001:00044DC7  1508 0001:00044DC8  1509 0001:00044DCE  1514 0001:00044DD0
  1515 0001:00044DD6  1516 0001:00044DDF  1517 0001:00044DF7  1518 0001:00044DF9
  1519 0001:00044E08  1520 0001:00044E17  1521 0001:00044E25  1527 0001:00044E28
  1528 0001:00044E35  1530 0001:00044E42  1531 0001:00044E4C  1532 0001:00044E5A
  1533 0001:00044E6B  1534 0001:00044E86  1535 0001:00044EA3  1537 0001:00044EAC
  1538 0001:00044EB2  1540 0001:00044ED2  1541 0001:00044EEB  1543 0001:00044EF4
  1544 0001:00044EFA  1547 0001:00044F18  1548 0001:00044F23  1550 0001:00044F37
  1553 0001:00044F49  1554 0001:00044F54  1557 0001:00044F5C  1558 0001:00044F65
  1559 0001:00044F83  4300 0001:00044FB8  4300 0001:00044FBF

Line numbers for Dlgs(Dlgs.pas) segment .text

   398 0001:00044FF0   398 0001:00044FF7

Line numbers for Dialogs(Dialogs.pas) segment .text

  1663 0001:00044FF8  1664 0001:00044FFE  1670 0001:00045000  1671 0001:00045009
  1672 0001:00045019  1673 0001:0004502B  1674 0001:00045040  1675 0001:0004504C
  1689 0001:000451B8  1690 0001:000451D3  1691 0001:000451DE  1692 0001:000451E8
  1693 0001:000451FE  1694 0001:00045228  1698 0001:00045230  1699 0001:00045244
  1737 0001:000452EC  1738 0001:0004531B  1741 0001:00045332  1742 0001:00045344
  1743 0001:0004534E  1744 0001:00045361  1745 0001:00045371  1746 0001:00045381
  1747 0001:00045391  1748 0001:0004539E  1749 0001:000453AB  1750 0001:000453B8
  1752 0001:000453C6  1754 0001:000453D5  1756 0001:000453DA  1757 0001:000453EB
  1761 0001:00045428  1763 0001:00045433  1764 0001:0004543A  1766 0001:0004543D
  1750 0001:00045445  1767 0001:0004544E  1768 0001:0004545E  1769 0001:0004546E
  1770 0001:00045491  1773 0001:000454C9  1774 0001:000454D5  1775 0001:000454DB
  1776 0001:000454E1  1778 0001:000454E5  1779 0001:000454EE  1781 0001:000454FB
  1782 0001:000454FD  1783 0001:000454FF  1782 0001:00045511  1784 0001:00045516
  1785 0001:00045518  1786 0001:0004551C  1788 0001:00045528  1789 0001:00045543
  1791 0001:0004555B  1792 0001:00045587  1793 0001:000455B3  1794 0001:000455B9
  1795 0001:000455DA  1796 0001:000455F4  1797 0001:000455F8  1799 0001:00045609
  1800 0001:00045615  1801 0001:0004561F  1802 0001:00045639  1804 0001:0004564A
  1806 0001:0004565B  1807 0001:00045667  1808 0001:00045671  1809 0001:0004567A
  1810 0001:00045684  1811 0001:0004568E  1812 0001:0004569B  1813 0001:000456A7
  1814 0001:000456B6  1815 0001:000456C7  1818 0001:000456DC  1819 0001:000456E8
  1820 0001:000456F4  1821 0001:000456F8  1822 0001:00045704  1823 0001:00045710
  1824 0001:00045714  1825 0001:00045728  1826 0001:0004573D  1827 0001:00045750
  1829 0001:00045762  1830 0001:0004576F  1831 0001:0004577A  1832 0001:0004578F
  1833 0001:0004579D  1834 0001:000457AC  1835 0001:000457BB  1837 0001:000457D7
  1838 0001:000457E0  1839 0001:000457E5  1840 0001:000457FB  1825 0001:00045807
  1842 0001:00045835  1852 0001:0004585C  1853 0001:00045864  1854 0001:0004587B
  1859 0001:00045880  1860 0001:00045895  1861 0001:000458A4  1862 0001:000458B2
  1863 0001:000458BE  1864 0001:000458CE  1865 0001:000458DC  1866 0001:000458EA
  1867 0001:000458FC  1869 0001:00045917  1871 0001:0004592A  1875 0001:00045934
  1876 0001:0004593F  1885 0001:00045940  1886 0001:00045952  2050 0001:00045958
  2051 0001:0004595B  2052 0001:0004596A  2053 0001:00045979  2055 0001:000459B5
  2060 0001:00045AAC  2061 0001:00045B05  2057 0001:00045B08  2058 0001:00045B1B
  2059 0001:00045B20

Line numbers for RichEdit(RichEdit.pas) segment .text

  1206 0001:00045B54  1206 0001:00045B5B

Line numbers for ToolWin(ToolWin.pas) segment .text

   391 0001:00045B8C   391 0001:00045B93

Line numbers for ComStrs(ComStrs.pas) segment .text

    61 0001:00045C04    61 0001:00045C0B

Line numbers for ComCtrls(ComCtrls.pas) segment .text

  3522 0001:00046E10  3523 0001:00046E14  3524 0001:00046E1B  3525 0001:00046E1F
  3526 0001:00046E2C  3527 0001:00046E37  3584 0001:00046E3C  3585 0001:00046E46
  3587 0001:00046E51  3588 0001:00046E62  3589 0001:00046E6C  3590 0001:00046E6E
  3592 0001:00046E7E  3614 0001:00046F74  3615 0001:00046F77  3616 0001:00046F8A
  3619 0001:00046F8C  3620 0001:00046FA2  3621 0001:00046FBD  3622 0001:00046FD2
  3623 0001:00046FF7  3626 0001:00046FFC  3627 0001:0004701E  3628 0001:00047038
  3629 0001:00047065  3630 0001:0004708F  3638 0001:00047098  3639 0001:000470CA
  3640 0001:000470E2  3641 0001:000470EB  3642 0001:000470F2  3644 0001:0004710E
  3645 0001:00047150  3646 0001:00047187  3649 0001:00047190  3650 0001:00047193
  3651 0001:000471AA  3656 0001:000471AC  3657 0001:000471CE  3658 0001:000471D5
  3660 0001:000471F1  3661 0001:0004721E  3662 0001:00047245  3669 0001:0004724C
  3670 0001:00047271  3672 0001:0004728C  3673 0001:00047296  3674 0001:000472A6
  3676 0001:000472C2  3677 0001:000472FB  3678 0001:00047325  3683 0001:0004732C
  3684 0001:0004734E  3685 0001:00047355  3686 0001:00047358  3688 0001:00047374
  3689 0001:000473C3  3696 0001:000473CC  3697 0001:000473F1  3699 0001:0004740C
  3700 0001:00047416  3701 0001:00047426  3703 0001:00047442  3704 0001:0004747B
  3705 0001:000474A5  3708 0001:000474AC  3709 0001:000474B3  3710 0001:000474BC
  3711 0001:000474D5  3713 0001:000474DC  3714 0001:000474E4  3716 0001:000474EC
  3721 0001:000474F0  3722 0001:00047507  3723 0001:00047510  3724 0001:0004751C
  3725 0001:00047528  3726 0001:00047531  3727 0001:00047539  3728 0001:0004754D
  3729 0001:00047550  3730 0001:00047564  3731 0001:0004756D  3732 0001:00047581
  3733 0001:000475A4  3736 0001:000475B0  3737 0001:000475BB  3738 0001:000475C6
  3739 0001:000475D1  3740 0001:000475DC  3741 0001:000475E7  3742 0001:000475FE
  3745 0001:00047604  3746 0001:00047606  3747 0001:0004760A  3748 0001:00047629
  3752 0001:0004762C  3753 0001:0004762E  3756 0001:00047630  3757 0001:00047631
  3758 0001:0004764B  3768 0001:00047650  3769 0001:00047657  3770 0001:00047661
  3771 0001:0004766A  3774 0001:00047678  3777 0001:000476C6  3778 0001:000476D6
  3779 0001:000476E6  3780 0001:000476F3  3781 0001:00047703  3782 0001:00047714
  3783 0001:00047723  3784 0001:00047727  3785 0001:00047734  3788 0001:00047740
  3791 0001:00047754  3792 0001:00047758  3793 0001:0004775F  3794 0001:00047774
  3795 0001:0004778E  3796 0001:0004779E  3798 0001:000477A8  3799 0001:000477B5
  3800 0001:000477C2  3801 0001:000477CD  3803 0001:000477D5  3807 0001:000477D8
  3808 0001:000477DC  3809 0001:000477E6  3810 0001:000477FF  3811 0001:0004780C
  3814 0001:00047814  3815 0001:0004781A  3816 0001:00047823  3817 0001:00047838
  3818 0001:0004783C  3821 0001:00047840  3822 0001:00047842  3823 0001:00047845
  3824 0001:00047865  3827 0001:00047868  3828 0001:0004786B  3829 0001:00047881
  3832 0001:00047884  3833 0001:00047887  3834 0001:0004788E  3835 0001:0004789E
  3839 0001:000478A0  3841 0001:000478A8  3842 0001:000478AE  3844 0001:000478B3
  3848 0001:000478B4  3849 0001:000478BD  3850 0001:000478C8  3851 0001:000478D5
  3852 0001:000478DE  3855 0001:000478E4  3856 0001:000478EA  3857 0001:000478F4
  3858 0001:000478FF  3859 0001:00047907  3861 0001:0004790B  3862 0001:00047916
  3863 0001:00047923  3865 0001:00047940  3866 0001:00047950  3869 0001:00047954
  3870 0001:0004795A  3871 0001:00047970  3874 0001:00047974  3875 0001:00047993
  3876 0001:0004799D  3878 0001:000479A3  3879 0001:000479B5  3880 0001:000479CA
  3881 0001:000479D0  3883 0001:000479FB  3886 0001:00047A04  3887 0001:00047A0A
  3888 0001:00047A1E  3901 0001:00047A24  3903 0001:00047A2C  3904 0001:00047A32
  3906 0001:00047A37  3910 0001:00047A38  3912 0001:00047A40  3913 0001:00047A46
  3915 0001:00047A52  3919 0001:00047A54  3921 0001:00047A5C  3922 0001:00047A62
  3923 0001:00047A6C  3925 0001:00047A71  3928 0001:00047A74  3929 0001:00047A87
  3931 0001:00047A8F  3932 0001:00047A9C  3933 0001:00047ABD  3934 0001:00047AC3
  3936 0001:00047AE5  3939 0001:00047AE8  3940 0001:00047B0A  3942 0001:00047B13
  3943 0001:00047B18  3944 0001:00047B5F  3945 0001:00047B66  3947 0001:00047B8D
  3950 0001:00047B94  3951 0001:00047B9A  3952 0001:00047BAF  3955 0001:00047BB4
  3956 0001:00047BCA  3958 0001:00047BD2  3959 0001:00047BDF  3960 0001:00047C00
  3961 0001:00047C06  3962 0001:00047C19  3963 0001:00047C22  3965 0001:00047C46
  3975 0001:00047C4C  3976 0001:00047C6E  3978 0001:00047C77  3979 0001:00047C7C
  3980 0001:00047CC3  3981 0001:00047CCA  3982 0001:00047CD1  3983 0001:00047CE4
  3985 0001:00047D0B  3988 0001:00047D10  3989 0001:00047D13  3991 0001:00047D1C
  3992 0001:00047D27  3994 0001:00047D46  3996 0001:00047D4D  3999 0001:00047D50
  4000 0001:00047D53  4001 0001:00047D6E  4002 0001:00047D75  4008 0001:00047D78
  4009 0001:00047D9C  4010 0001:00047DA3  4012 0001:00047DBD  4013 0001:00047DCC
  4015 0001:00047DE7  4016 0001:00047E33  4010 0001:00047E34  4017 0001:00047E39
  4018 0001:00047E6A  4023 0001:00047E74  4024 0001:00047E81  4026 0001:00047E8A
  4027 0001:00047E99  4028 0001:00047EA7  4029 0001:00047EB5  4030 0001:00047EC9
  4031 0001:00047EDD  4032 0001:00047EF4  4034 0001:00047F23  4035 0001:00047F33
  4036 0001:00047F41  4039 0001:00047F59  4040 0001:00047F63  4045 0001:00047F68
  4046 0001:00047F6F  4048 0001:00047F84  4049 0001:00047F98  4050 0001:00047FA5
  4052 0001:00047FB2  4053 0001:00047FB9  4055 0001:00047FDA  4056 0001:00047FE1
  4057 0001:00047FEA  4058 0001:00047FF2  4061 0001:00047FF8  4062 0001:00047FFE
  4064 0001:00048019  4067 0001:0004801C  4068 0001:0004801F  4069 0001:00048026
  4070 0001:00048039  4073 0001:0004803C  4074 0001:0004803F  4075 0001:00048046
  4076 0001:00048061  4079 0001:00048064  4080 0001:0004806A  4081 0001:00048073
  4083 0001:00048079  4084 0001:0004807F  4086 0001:00048088  4090 0001:0004808C
  4091 0001:00048097  4094 0001:00048098  4096 0001:0004809F  4098 0001:000480AF
  4101 0001:000480BC  4102 0001:000480C3  4105 0001:000480D7  4110 0001:000480DC
  4111 0001:000480FD  4112 0001:00048113  4114 0001:00048155  4115 0001:0004815F
  4117 0001:0004816E  4118 0001:00048177  4120 0001:00048182  4121 0001:00048184
  4111 0001:00048185  4122 0001:0004818A  4123 0001:000481B1  4126 0001:000481B8
  4127 0001:000481C2  4128 0001:000481DA  4129 0001:000481E3  4213 0001:000481EC
  4214 0001:000481FE  4215 0001:00048207  4216 0001:00048210  4217 0001:0004821B
  4218 0001:00048224  4219 0001:0004822B  4220 0001:00048249  4223 0001:00048250
  4224 0001:0004825B  4226 0001:00048265  4227 0001:00048275  4229 0001:00048282
  4230 0001:00048299  4233 0001:0004829C  4234 0001:0004829D  4235 0001:000482B7
  4238 0001:000482BC  4239 0001:000482BD  4240 0001:000482D7  4244 0001:000482DC
  4245 0001:000482E6  4246 0001:000482F3  4247 0001:000482F6  4252 0001:000482F8
  4253 0001:000482FE  4254 0001:00048300  4255 0001:0004830C  4256 0001:0004831D
  4257 0001:00048339  4255 0001:0004833B  4258 0001:00048340  4261 0001:00048348
  4262 0001:0004834B  4263 0001:00048352  4265 0001:00048356  4268 0001:00048358
  4269 0001:0004835F  4270 0001:00048368  4271 0001:0004837C  4272 0001:00048385
  4276 0001:0004838C  4278 0001:00048394  4279 0001:0004839A  4281 0001:000483B0
  4284 0001:000483B4  4285 0001:000483BA  4287 0001:000483C4  4288 0001:000483CF
  4289 0001:000483D8  4291 0001:000483E5  4296 0001:000483E8  4297 0001:000483F2
  4299 0001:000483FC  4300 0001:00048406  4301 0001:0004840A  4302 0001:00048435
  4303 0001:0004843E  4304 0001:0004845A  4306 0001:00048474  4311 0001:0004847C
  4312 0001:0004847F  4313 0001:00048487  4315 0001:0004848B  4316 0001:00048492
  4319 0001:000484A1  4320 0001:000484A8  4321 0001:000484AF  4323 0001:000484BE
  4327 0001:000484C0  4329 0001:000484C8  4330 0001:000484CE  4332 0001:000484D3
  4336 0001:000484D4  4337 0001:000484F1  4341 0001:000484F4  4342 0001:0004850A
  4345 0001:0004850C  4346 0001:00048516  4347 0001:0004851E  4349 0001:0004852B
  4350 0001:00048539  4352 0001:00048554  4354 0001:0004856A  4356 0001:0004856E
  4357 0001:0004857C  4359 0001:00048597  4362 0001:000485AB  4365 0001:000485B4
  4366 0001:000485BA  4367 0001:000485C0  4369 0001:000485EA  4370 0001:000485F0
  4376 0001:000485F4  4377 0001:00048606  4378 0001:0004860F  4379 0001:00048617
  4380 0001:00048640  4385 0001:00048648  4386 0001:00048655  4387 0001:0004867F
  4388 0001:0004868A  4389 0001:000486A1  4394 0001:000486A8  4395 0001:000486AD
  4396 0001:000486BE  4395 0001:000486DE  4397 0001:000486E1  4400 0001:000486E8
  4401 0001:000486EB  4402 0001:000486F2  4403 0001:000486F9  4407 0001:000486FC
  4408 0001:00048702  4409 0001:00048714  4414 0001:00048718  4415 0001:0004871B
  4416 0001:00048725  4418 0001:0004872B  4419 0001:00048732  4421 0001:0004874A
  4422 0001:00048751  4427 0001:00048754  4428 0001:0004875C  4430 0001:00048768
  4431 0001:00048771  4434 0001:00048793  4435 0001:000487A0  4437 0001:000487AE
  4438 0001:000487BE  4441 0001:000487C3  4443 0001:000487C7  4444 0001:000487CE
  4445 0001:000487D7  4447 0001:000487F2  4448 0001:00048801  4449 0001:0004880C
  4451 0001:00048815  4452 0001:00048826  4453 0001:0004882C  4455 0001:00048847
  4457 0001:00048852  4462 0001:00048858  4463 0001:0004885F  4464 0001:00048868
  4465 0001:00048875  4467 0001:00048879  4468 0001:00048888  4469 0001:00048896
  4471 0001:0004889F  4472 0001:000488A9  4475 0001:000488B0  4476 0001:000488B1
  4477 0001:000488C3  4483 0001:000488C8  4484 0001:000488D7  4485 0001:000488E8
  4486 0001:000488F9  4487 0001:00048914  4490 0001:00048920  4491 0001:00048923
  4493 0001:00048932  4494 0001:0004893B  4495 0001:00048946  4497 0001:0004894E
  4503 0001:00048950  4504 0001:0004895C  4506 0001:00048968  4507 0001:0004896F
  4508 0001:00048974  4509 0001:00048988  4511 0001:0004898A  4513 0001:00048990
  4514 0001:00048991  4517 0001:000489A0  4518 0001:000489AD  4520 0001:000489AE
  4521 0001:000489BB  4522 0001:000489CA  4524 0001:000489CE  4525 0001:000489D0
  4530 0001:000489D8  4531 0001:000489E1  4532 0001:00048A11  4539 0001:00048A18
  4540 0001:00048A24  4541 0001:00048A2E  4545 0001:00048A3A  4546 0001:00048A3C
  4547 0001:00048A42  4549 0001:00048A53  4550 0001:00048A6B  4551 0001:00048A6C
  4552 0001:00048A74  4547 0001:00048A75  4553 0001:00048A78  4555 0001:00048A8C
  4560 0001:00048A94  4561 0001:00048A9D  4562 0001:00048AA2  4564 0001:00048AB3
  4566 0001:00048AC9  4567 0001:00048AD5  4569 0001:00048AD7  4562 0001:00048AD8
  4570 0001:00048ADE  4573 0001:00048AE4  4574 0001:00048AEA  4575 0001:00048AF7
  4579 0001:00048AFC  4580 0001:00048B05  4584 0001:00048B08  4585 0001:00048B23
  4586 0001:00048B31  4587 0001:00048B42  4590 0001:00048B4C  4591 0001:00048B52
  4592 0001:00048B5F  4593 0001:00048B65  4594 0001:00048B6C  4597 0001:00048B70
  4598 0001:00048B89  4599 0001:00048BAD  4600 0001:00048BD4  4603 0001:00048BDC
  4604 0001:00048BE3  4605 0001:00048BF0  4610 0001:00048BF4  4611 0001:00048BFB
  4612 0001:00048C12  4613 0001:00048C18  4614 0001:00048C21  4615 0001:00048C29
  4616 0001:00048C36  4617 0001:00048C3F  4622 0001:00048C44  4623 0001:00048C49
  4624 0001:00048C5C  4626 0001:00048C77  4627 0001:00048C87  4629 0001:00048C92
  4632 0001:00048C98  4633 0001:00048C9E  4634 0001:00048CAA  4635 0001:00048CB3
  4636 0001:00048CB7  4637 0001:00048CC3  4638 0001:00048CCB  4639 0001:00048CDB
  4643 0001:00048CE0  4644 0001:00048CE9  4647 0001:00048CEC  4648 0001:00048CF2
  4649 0001:00048D0B  4650 0001:00048D14  4651 0001:00048D1D  4654 0001:00048D20
  4655 0001:00048D39  4656 0001:00048D79  4659 0001:00048D80  4660 0001:00048D83
  4661 0001:00048D8E  4663 0001:00048DAD  4664 0001:00048DB6  4670 0001:00048DB8
  4671 0001:00048DC2  4672 0001:00048DDD  4673 0001:00048DF6  4674 0001:00048E0C
  4677 0001:00048E14  4678 0001:00048E1B  4681 0001:00048E54  4682 0001:00048E68
  4684 0001:00048E71  4685 0001:00048E7A  4691 0001:00048E80  4692 0001:00048EA1
  4693 0001:00048EA6  4694 0001:00048EC0  4695 0001:00048ECE  4696 0001:00048EDC
  4697 0001:00048EE2  4698 0001:00048EF3  4699 0001:00048F07  4700 0001:00048F18
  4702 0001:00048F3B  4703 0001:00048F49  4705 0001:00048F53  4706 0001:00048F56
  4707 0001:00048F66  4708 0001:00048F7B  4710 0001:00048F91  4712 0001:00048FC1
  4719 0001:00048FC8  4720 0001:00048FE8  4721 0001:00048FF4  4722 0001:00048FF8
  4725 0001:0004900B  4727 0001:00049019  4728 0001:0004902D  4730 0001:0004903E
  4731 0001:00049049  4732 0001:0004904B  4727 0001:0004904C  4733 0001:00049051
  4736 0001:0004905D  4738 0001:0004906A  4739 0001:00049090  4744 0001:00049098
  4745 0001:0004909E  4746 0001:000490A3  4747 0001:000490AD  4749 0001:000490B1
  4750 0001:000490B7  4752 0001:000490C1  4759 0001:000490C4  4760 0001:000490D4
  4761 0001:000490D6  4763 0001:000490DF  4764 0001:000490EE  4765 0001:00049107
  4767 0001:0004910B  4768 0001:0004910D  4769 0001:00049114  4768 0001:00049123
  4770 0001:00049126  4772 0001:00049135  4773 0001:00049140  4777 0001:0004914C
  4782 0001:00049154  4783 0001:0004915D  4784 0001:00049166  4785 0001:00049179
  4786 0001:00049190  4791 0001:00049198  4792 0001:000491A1  4793 0001:000491AA
  4794 0001:000491BD  4795 0001:000491CC  9497 0001:000491D4  9498 0001:000491D8
  9499 0001:000491E3  9502 0001:000491E8  9503 0001:000491EC  9504 0001:000491F7
 19923 0001:000491FC 19924 0001:00049229 19925 0001:00049272 19920 0001:00049274
 19922 0001:0004927B

Line numbers for uTestDLL(uTestDLL.pas) segment .text

    63 0001:000494C0    64 0001:000494D6    65 0001:000494D8    66 0001:000494DE
    67 0001:000494F9    68 0001:0004951D    69 0001:00049538    70 0001:00049580
    73 0001:000495D0    74 0001:000495E4    75 0001:000495E6    76 0001:00049629
    79 0001:00049630    80 0001:00049633    81 0001:00049635    82 0001:0004963B
    84 0001:00049643    85 0001:00049648    96 0001:0004964C    97 0001:00049669
    98 0001:00049670    99 0001:00049677   100 0001:00049688   102 0001:000496A7
   103 0001:000496B1   105 0001:000496B6   107 0001:000496DB   108 0001:000496E5
   110 0001:000496EA   111 0001:000496F7   112 0001:00049705   114 0001:0004970B
   115 0001:0004971B   117 0001:0004971F   118 0001:00049730   122 0001:00049768
   123 0001:0004976E   125 0001:000497B9   133 0001:00049824   134 0001:0004983F
   135 0001:00049846   136 0001:0004984D   137 0001:0004985E   138 0001:0004986C
   140 0001:0004987D   141 0001:00049887   143 0001:0004988C   144 0001:0004989A
   145 0001:000498A7   147 0001:000498AD   148 0001:000498BD   150 0001:000498C1
   151 0001:000498D2   155 0001:000498FC   156 0001:00049902   158 0001:00049935
   161 0001:000499A4   161 0001:000499AB

Line numbers for TestDLL(D:\PROJECTS_5\IBESCRIPT\TestDLL.dpr) segment .text

    13 0001:00049B3C    14 0001:00049B4C    15 0001:00049B58    16 0001:00049B70
    17 0001:00049B7C

Bound resource files

d:\delphi5\Lib\CONTROLS.RES
uTestDLL.DFM
TestDLL.RES
TestDLL.drf


Program entry point at 0001:00049B3C
